Microchip MPLAB XC8 Compiler V1.34 ()

Linker command line:

--edf=/Applications/microchip/xc8/v1.34/dat/en_msgs.txt -cs \
  -h+dist/default/production/Metronome_2.X.production.sym \
  --cmf=dist/default/production/Metronome_2.X.production.cmf -z -Q16F1827 \
  -o/tmp/cgtDyGBg5 -Mdist/default/production/Metronome_2.X.production.map \
  -E1 -ver=XC8 -ASTACK=020E5h-0216fh -pstack=STACK -ACODE=00h-07FFhx2 \
  -ASTRCODE=00h-0FFFh -ASTRING=00h-0FFhx16 -ACONST=00h-0FFhx16 \
  -AENTRY=00h-0FFhx16 -ACOMMON=070h-07Fh -ABANK0=020h-06Fh \
  -ABANK1=0A0h-0EFh -ABANK2=0120h-016Fh -ABANK3=01A0h-01EFh \
  -ABANK4=0220h-024Fh -ABIGRAM=02000h-0216Fh \
  -ARAM=020h-06Fh,0A0h-0EFh,0120h-016Fh,01A0h-01EFh,0220h-024Fh \
  -AABS1=020h-07Fh,0A0h-0EFh,0120h-016Fh,01A0h-01EFh,0220h-024Fh \
  -ASFR0=00h-01Fh -ASFR1=080h-09Fh -ASFR2=0100h-011Fh -ASFR3=0180h-019Fh \
  -ASFR4=0200h-021Fh -ASFR5=0280h-02EFh -ASFR6=0300h-036Fh \
  -ASFR7=0380h-03EFh -ASFR8=0400h-046Fh -ASFR9=0480h-04EFh \
  -ASFR10=0500h-056Fh -ASFR11=0580h-05EFh -ASFR12=0600h-066Fh \
  -ASFR13=0680h-06EFh -ASFR14=0700h-076Fh -ASFR15=0780h-07EFh \
  -ASFR16=0800h-086Fh -ASFR17=0880h-08EFh -ASFR18=0900h-096Fh \
  -ASFR19=0980h-09EFh -ASFR20=0A00h-0A6Fh -ASFR21=0A80h-0AEFh \
  -ASFR22=0B00h-0B6Fh -ASFR23=0B80h-0BEFh -ASFR24=0C00h-0C6Fh \
  -ASFR25=0C80h-0CEFh -ASFR26=0D00h-0D6Fh -ASFR27=0D80h-0DEFh \
  -ASFR28=0E00h-0E6Fh -ASFR29=0E80h-0EEFh -ASFR30=0F00h-0F6Fh \
  -ASFR31=0F80h-0FEFh -preset_vec=00h,intentry=04h,init,end_init \
  -ppowerup=CODE -pcinit=CODE -pfunctab=CODE -ACONFIG=08007h-08008h \
  -pconfig=CONFIG -DCONFIG=2 -AIDLOC=08000h-08003h -pidloc=IDLOC -DIDLOC=2 \
  -AEEDATA=00h-0FFh/0F000h -peeprom_data=EEDATA -DEEDATA=2 -DCODE=2 \
  -DSTRCODE=2 -DSTRING=2 -DCONST=2 -DENTRY=2 -k /tmp/cgtAbkIXG.obj \
  dist/default/production/Metronome_2.X.production.obj 

Object code version is 3.11

Machine type is 16F1827



                Name                               Link     Load   Length Selector   Space Scale
/tmp/cgtAbkIXG.obj
                end_init                             76       76        2        8       0
                reset_vec                             0        0        2        0       0
                idloc                              8000     8000        4    10000       0
                config                             8007     8007        2    1000E       0
dist/default/production/Metronome_2.X.production.obj
                cinit                                78       78       32        8       0
                intentry                              4        4       72        8       0
                text14                              D49      D49       12     1A92       0
                text13                              F04      F04       5B     1E08       0
                text12                              D5B      D5B       12     1AB6       0
                text11                              F5F      F5F       A1     1EBE       0
                text10                              D7F      D7F       16     1AFE       0
                text9                               D95      D95       1A     1B2A       0
                text8                               D33      D33        8     1A66       0
                text7                               DCF      DCF       21     1B9E       0
                text6                               E11      E11       2A     1C22       0
                text5                               D3B      D3B        E     1A76       0
                text4                               DAF      DAF       20     1B5E       0
                text3                               E3B      E3B       36     1C76       0
                text2                               D6D      D6D       12     1ADA       0
                text1                               793      793       67        8       0
                swtext5                             9DA      9DA       26     1318       0
                swtext4                             A00      A00       20     1318       0
                swtext3                             98C      98C       28     1318       0
                swtext2                             9B4      9B4       26     1318       0
                swtext1                             A20      A20       14     1318       0
                maintext                             AA       AA      6E9        8       0
                cstackBANK0                          41       41       1A       20       1
                cstackCOMMON                         70       70        6       70       1
                inittext                            D2D      D2D        6     1A5A       0
                clrtext                             7FA      7FA        6        8       0
                dataBANK2                           120      120       45      120       1
                dataBANK1                            A0       A0       4E       A0       1
                dataBANK0                            20       20       21       20       1
                bssBANK0                             5B       5B       13       20       1
                bssCOMMON                            76       76        4       70       1
                stringtext                          800      800      18C       10       0
                idataBANK2                          E71      E71       45     1CE2       0
                idataBANK1                          EB6      EB6       4E     1D6C       0
                idataBANK0                          DF0      DF0       21     1BE0       0

TOTAL           Name                               Link     Load   Length     Space
        CLASS   STACK          

        CLASS   CODE           
                end_init                             76       76        2         0
                cinit                                78       78       32         0
                intentry                              4        4       72         0
                reset_vec                             0        0        2         0
                text14                              D49      D49       12         0
                text13                              F04      F04       5B         0
                text12                              D5B      D5B       12         0
                text11                              F5F      F5F       A1         0
                text10                              D7F      D7F       16         0
                text9                               D95      D95       1A         0
                text8                               D33      D33        8         0
                text7                               DCF      DCF       21         0
                text6                               E11      E11       2A         0
                text5                               D3B      D3B        E         0
                text4                               DAF      DAF       20         0
                text3                               E3B      E3B       36         0
                text2                               D6D      D6D       12         0
                text1                               793      793       67         0
                maintext                             AA       AA      6E9         0
                inittext                            D2D      D2D        6         0
                clrtext                             7FA      7FA        6         0
                idataBANK2                          E71      E71       45         0
                idataBANK1                          EB6      EB6       4E         0
                idataBANK0                          DF0      DF0       21         0

        CLASS   STRCODE        
                stringtext                          800      800      18C         0

        CLASS   STRING         

        CLASS   CONST          
                swtext5                             9DA      9DA       26         0
                swtext4                             A00      A00       20         0
                swtext3                             98C      98C       28         0
                swtext2                             9B4      9B4       26         0
                swtext1                             A20      A20       14         0

        CLASS   ENTRY          

        CLASS   COMMON         
                cstackCOMMON                         70       70        6         1
                bssCOMMON                            76       76        4         1

        CLASS   BANK0          
                cstackBANK0                          41       41       1A         1
                dataBANK0                            20       20       21         1
                bssBANK0                             5B       5B       13         1

        CLASS   BANK1          
                dataBANK1                            A0       A0       4E         1

        CLASS   BANK2          
                dataBANK2                           120      120       45         1

        CLASS   BANK3          

        CLASS   BANK4          

        CLASS   BIGRAM         

        CLASS   RAM            

        CLASS   ABS1           
                abs_s1                               7E       7E        2         1

        CLASS   SFR0           

        CLASS   SFR1           

        CLASS   SFR2           

        CLASS   SFR3           

        CLASS   SFR4           

        CLASS   SFR5           

        CLASS   SFR6           

        CLASS   SFR7           

        CLASS   SFR8           

        CLASS   SFR9           

        CLASS   SFR10          

        CLASS   SFR11          

        CLASS   SFR12          

        CLASS   SFR13          

        CLASS   SFR14          

        CLASS   SFR15          

        CLASS   SFR16          

        CLASS   SFR17          

        CLASS   SFR18          

        CLASS   SFR19          

        CLASS   SFR20          

        CLASS   SFR21          

        CLASS   SFR22          

        CLASS   SFR23          

        CLASS   SFR24          

        CLASS   SFR25          

        CLASS   SFR26          

        CLASS   SFR27          

        CLASS   SFR28          

        CLASS   SFR29          

        CLASS   SFR30          

        CLASS   SFR31          

        CLASS   CONFIG         
                config                             8007     8007        2         0

        CLASS   IDLOC          
                idloc                              8000     8000        4         0

        CLASS   EEDATA         

        CLASS   BANK31         

        CLASS   BANK30         

        CLASS   BANK29         

        CLASS   BANK28         

        CLASS   BANK27         

        CLASS   BANK26         

        CLASS   BANK25         

        CLASS   BANK24         

        CLASS   BANK23         

        CLASS   BANK22         

        CLASS   BANK21         

        CLASS   BANK20         

        CLASS   BANK19         

        CLASS   BANK18         

        CLASS   BANK17         

        CLASS   BANK16         

        CLASS   BANK15         

        CLASS   BANK14         

        CLASS   BANK13         

        CLASS   BANK12         

        CLASS   BANK11         

        CLASS   BANK10         

        CLASS   BANK9          

        CLASS   BANK8          

        CLASS   BANK7          

        CLASS   BANK6          

        CLASS   BANK5          



SEGMENTS        Name                           Load    Length   Top    Selector   Space  Class     Delta

                reset_vec                      000000  000002  000002         0       0  CODE        2
                intentry                       000004  0007FC  000800         8       0  CODE        2
                dataBANK0                      000020  00004E  00006E        20       1  BANK0       1
                cstackCOMMON                   000070  00000A  00007A        70       1  COMMON      1
                dataBANK1                      0000A0  00004E  0000EE        A0       1  BANK1       1
                dataBANK2                      000120  000045  000165       120       1  BANK2       1
                stringtext                     000800  00018C  00098C        10       0  STRCODE     2
                swtext3                        00098C  0000A8  000A34      1318       0  CONST       2
                inittext                       000D2D  000006  000D33      1A5A       0  CODE        2
                text8                          000D33  000008  000D3B      1A66       0  CODE        2
                text5                          000D3B  00000E  000D49      1A76       0  CODE        2
                text14                         000D49  000012  000D5B      1A92       0  CODE        2
                text12                         000D5B  000012  000D6D      1AB6       0  CODE        2
                text2                          000D6D  000012  000D7F      1ADA       0  CODE        2
                text10                         000D7F  000016  000D95      1AFE       0  CODE        2
                text9                          000D95  00001A  000DAF      1B2A       0  CODE        2
                text4                          000DAF  000020  000DCF      1B5E       0  CODE        2
                text7                          000DCF  000021  000DF0      1B9E       0  CODE        2
                idataBANK0                     000DF0  000021  000E11      1BE0       0  CODE        2
                text6                          000E11  00002A  000E3B      1C22       0  CODE        2
                text3                          000E3B  000036  000E71      1C76       0  CODE        2
                idataBANK2                     000E71  000045  000EB6      1CE2       0  CODE        2
                idataBANK1                     000EB6  00004E  000F04      1D6C       0  CODE        2
                text13                         000F04  00005B  000F5F      1E08       0  CODE        2
                text11                         000F5F  0000A1  001000      1EBE       0  CODE        2
                idloc                          008000  000004  008004     10000       0  IDLOC       2
                config                         008007  000002  008009     1000E       0  CONFIG      2


UNUSED ADDRESS RANGES

        Name                Unused          Largest block    Delta
        BANK0            0006E-0006F               2           1
        BANK1            000EE-000EF               2           1
        BANK2            00165-0016F               B           1
        BANK3            001A0-001EF              50           1
        BANK4            00220-0024F              30           1
        BIGRAM           02000-0216F             170           1
        CODE             00002-00003               2           2
                         00A34-00D2C             2F9
        COMMON           0007A-0007D               4           1
        CONST            00002-00003               2           2
                         00A34-00D2C             100
        EEDATA           0F000-0F0FF             100           2
        ENTRY            00002-00003               2           2
                         00A34-00D2C             100
        RAM              0006E-0006F               2           1
                         000EE-000EF               2
                         00165-0016F               B
                         001A0-001EF              50
                         00220-0024F              30
        SFR0             00000-0001F              20           1
        SFR1             00080-0009F              20           1
        SFR10            00500-0056F              70           1
        SFR11            00580-005EF              70           1
        SFR12            00600-0066F              70           1
        SFR13            00680-006EF              70           1
        SFR14            00700-0076F              70           1
        SFR15            00780-007EF              70           1
        SFR16            00800-0086F              70           1
        SFR17            00880-008EF              70           1
        SFR18            00900-0096F              70           1
        SFR19            00980-009EF              70           1
        SFR2             00100-0011F              20           1
        SFR20            00A00-00A6F              70           1
        SFR21            00A80-00AEF              70           1
        SFR22            00B00-00B6F              70           1
        SFR23            00B80-00BEF              70           1
        SFR24            00C00-00C6F              70           1
        SFR25            00C80-00CEF              70           1
        SFR26            00D00-00D6F              70           1
        SFR27            00D80-00DEF              70           1
        SFR28            00E00-00E6F              70           1
        SFR29            00E80-00EEF              70           1
        SFR3             00180-0019F              20           1
        SFR30            00F00-00F6F              70           1
        SFR31            00F80-00FEF              70           1
        SFR4             00200-0021F              20           1
        SFR5             00280-002EF              70           1
        SFR6             00300-0036F              70           1
        SFR7             00380-003EF              70           1
        SFR8             00400-0046F              70           1
        SFR9             00480-004EF              70           1
        STACK            020E5-0216F              8B           1
        STRCODE          00002-00003               2           2
                         00A34-00D2C             2F9
        STRING           00002-00003               2           2
                         00A34-00D2C             100

                                  Symbol Table

Configuration_Load@config                 cstackBANK0  00045
Configuration_Load@i                      cstackBANK0  00044
Configuration_Load@ptrConfig              cstackBANK0  00043
Configuration_ReadByte@address            cstackCOMMON 00075
Configuration_ReadByte@memorySelect       cstackCOMMON 00074
Configuration_Save@config                 cstackBANK0  00046
Configuration_Save@i                      cstackBANK0  00045
Configuration_Save@ptrConfig              cstackBANK0  00044
Configuration_Save@returnCode             cstackBANK0  00043
Configuration_WriteByte@address           cstackCOMMON 00075
Configuration_WriteByte@data              cstackCOMMON 00074
ParallelLCD_ClearRow@i                    cstackBANK0  00043
ParallelLCD_ClearRow@rowSelect            cstackBANK0  00042
ParallelLCD_Initialize@configCursor       cstackBANK0  00042
ParallelLCD_Initialize@configDisplay      cstackBANK0  00041
ParallelLCD_Initialize@configEntryMode    cstackBANK0  00043
ParallelLCD_Initialize@configFunction     cstackBANK0  00044
ParallelLCD_SetCgram@bitmap               cstackBANK0  00041
ParallelLCD_SetCgram@charCode             cstackBANK0  00044
ParallelLCD_SetCgram@i                    cstackBANK0  00045
ParallelLCD_WriteByte@data                cstackCOMMON 00075
ParallelLCD_WriteByte@r                   cstackCOMMON 00074
ParallelLCD_WriteCharacter@character      cstackBANK0  00041
ParallelLCD_WriteCharacter@position       cstackBANK0  00042
ParallelLCD_WriteString@position          cstackBANK0  00046
ParallelLCD_WriteString@stringPtr         cstackBANK0  00043
ParallelLCD_WriteStringClearing@i         cstackBANK0  00045
ParallelLCD_WriteStringClearing@position  cstackBANK0  00044
ParallelLCD_WriteStringClearing@stringPtr cstackBANK0  00041
_ANSELA                                   (abs)        0018C
_ANSELB                                   (abs)        0018D
_BITMAP                                   stringtext   0082C
_CCP1CONbits                              (abs)        00293
_CCP2CONbits                              (abs)        0029A
_CCP3CONbits                              (abs)        00313
_CCP4CONbits                              (abs)        0031A
_CCPR4H                                   (abs)        00319
_CCPR4L                                   (abs)        00318
_CCPTMRS                                  (abs)        0029E
_CCPTMRSbits                              (abs)        0029E
_CHAR_CODE                                stringtext   00824
_Configuration_Load                       text13       00F04
_Configuration_ReadByte                   text14       00D49
_Configuration_Save                       text11       00F5F
_Configuration_WriteByte                  text12       00D5B
_EEADRH                                   (abs)        00192
_EEADRL                                   (abs)        00191
_EECON1bits                               (abs)        00195
_EECON2                                   (abs)        00196
_EEDATH                                   (abs)        00194
_EEDATL                                   (abs)        00193
_HEX_TABLE                                stringtext   00814
_INTCONbits                               (abs)        0000B
_LATAbits                                 (abs)        0010C
_LATB                                     (abs)        0010D
_MESSAGE                                  stringtext   00800
_MESSAGE_INFORMATION                      dataBANK0    00020
_MESSAGE_MENU_ITEM_DURATION               dataBANK2    0015F
_MESSAGE_MENU_ITEM_MAIN                   dataBANK2    0013C
_MESSAGE_MENU_ITEM_TONE                   dataBANK2    00150
_OPTION_REGbits                           (abs)        00095
_OSCCONbits                               (abs)        00099
_OSCTUNE                                  (abs)        00098
_OSCTUNEbits                              (abs)        00098
_PARALLEL_LCD_ROW_SELECT                  stringtext   0082A
_PIE1bits                                 (abs)        00091
_PIE3bits                                 (abs)        00093
_PIR1bits                                 (abs)        00011
_PIR2bits                                 (abs)        00012
_PIR3bits                                 (abs)        00013
_PORTA                                    (abs)        0000C
_PR2                                      (abs)        0001B
_PR4                                      (abs)        00416
_PR6                                      (abs)        0041D
_ParallelLCD_ClearDisplay                 text8        00D33
_ParallelLCD_ClearRow                     text9        00D95
_ParallelLCD_Initialize                   text7        00DCF
_ParallelLCD_SetCgram                     text6        00E11
_ParallelLCD_WriteByte                    text10       00D7F
_ParallelLCD_WriteCharacter               text5        00D3B
_ParallelLCD_WriteString                  text4        00DAF
_ParallelLCD_WriteStringClearing          text3        00E3B
_T1CONbits                                (abs)        00018
_T2CONbits                                (abs)        0001C
_T4CONbits                                (abs)        00417
_T6CONbits                                (abs)        0041E
_TMR0                                     (abs)        00015
_TMR1                                     (abs)        00016
_TMR2                                     (abs)        0001A
_TMR4                                     (abs)        00415
_TMR6                                     (abs)        0041C
_TRISA                                    (abs)        0008C
_TRISB                                    (abs)        0008D
_WDTCONbits                               (abs)        00097
__CFG_BOREN$ON                            (abs)        00000
__CFG_BORV$HI                             (abs)        00000
__CFG_CLKOUTEN$OFF                        (abs)        00000
__CFG_CP$OFF                              (abs)        00000
__CFG_CPD$OFF                             (abs)        00000
__CFG_FCMEN$OFF                           (abs)        00000
__CFG_FOSC$INTOSC                         (abs)        00000
__CFG_IDLOC0$                             (abs)        00001
__CFG_IDLOC1$                             (abs)        00001
__CFG_IDLOC2$                             (abs)        00000
__CFG_IDLOC3$                             (abs)        00000
__CFG_IESO$OFF                            (abs)        00000
__CFG_LVP$OFF                             (abs)        00000
__CFG_MCLRE$OFF                           (abs)        00000
__CFG_PLLEN$OFF                           (abs)        00000
__CFG_PWRTE$ON                            (abs)        00000
__CFG_STVREN$ON                           (abs)        00000
__CFG_WDTE$ON                             (abs)        00000
__CFG_WRT$OFF                             (abs)        00000
__Habs1                                   abs1         00000
__Hbank0                                  bank0        00000
__Hbank1                                  bank1        00000
__Hbank10                                 bank10       00000
__Hbank11                                 bank11       00000
__Hbank12                                 bank12       00000
__Hbank13                                 bank13       00000
__Hbank14                                 bank14       00000
__Hbank15                                 bank15       00000
__Hbank16                                 bank16       00000
__Hbank17                                 bank17       00000
__Hbank18                                 bank18       00000
__Hbank19                                 bank19       00000
__Hbank2                                  bank2        00000
__Hbank20                                 bank20       00000
__Hbank21                                 bank21       00000
__Hbank22                                 bank22       00000
__Hbank23                                 bank23       00000
__Hbank24                                 bank24       00000
__Hbank25                                 bank25       00000
__Hbank26                                 bank26       00000
__Hbank27                                 bank27       00000
__Hbank28                                 bank28       00000
__Hbank29                                 bank29       00000
__Hbank3                                  bank3        00000
__Hbank30                                 bank30       00000
__Hbank31                                 bank31       00000
__Hbank4                                  bank4        00000
__Hbank5                                  bank5        00000
__Hbank6                                  bank6        00000
__Hbank7                                  bank7        00000
__Hbank8                                  bank8        00000
__Hbank9                                  bank9        00000
__Hbigram                                 bigram       00000
__HbssBANK0                               bssBANK0     00000
__HbssCOMMON                              bssCOMMON    00000
__Hcinit                                  cinit        000AA
__Hclrtext                                clrtext      00000
__Hcode                                   code         00000
__Hcommon                                 common       00000
__Hconfig                                 config       08009
__HcstackBANK0                            cstackBANK0  00000
__HcstackCOMMON                           cstackCOMMON 00000
__HdataBANK0                              dataBANK0    00000
__HdataBANK1                              dataBANK1    00000
__HdataBANK2                              dataBANK2    00000
__Heeprom_data                            eeprom_data  00000
__Hend_init                               end_init     00078
__Hfunctab                                functab      00000
__HidataBANK0                             idataBANK0   00000
__HidataBANK1                             idataBANK1   00000
__HidataBANK2                             idataBANK2   00000
__Hidloc                                  idloc        08004
__Hinit                                   init         00076
__Hinittext                               inittext     00000
__Hintentry                               intentry     00076
__Hmaintext                               maintext     00000
__Hpowerup                                powerup      00000
__Hram                                    ram          00000
__Hreset_vec                              reset_vec    00002
__Hsfr0                                   sfr0         00000
__Hsfr1                                   sfr1         00000
__Hsfr10                                  sfr10        00000
__Hsfr11                                  sfr11        00000
__Hsfr12                                  sfr12        00000
__Hsfr13                                  sfr13        00000
__Hsfr14                                  sfr14        00000
__Hsfr15                                  sfr15        00000
__Hsfr16                                  sfr16        00000
__Hsfr17                                  sfr17        00000
__Hsfr18                                  sfr18        00000
__Hsfr19                                  sfr19        00000
__Hsfr2                                   sfr2         00000
__Hsfr20                                  sfr20        00000
__Hsfr21                                  sfr21        00000
__Hsfr22                                  sfr22        00000
__Hsfr23                                  sfr23        00000
__Hsfr24                                  sfr24        00000
__Hsfr25                                  sfr25        00000
__Hsfr26                                  sfr26        00000
__Hsfr27                                  sfr27        00000
__Hsfr28                                  sfr28        00000
__Hsfr29                                  sfr29        00000
__Hsfr3                                   sfr3         00000
__Hsfr30                                  sfr30        00000
__Hsfr31                                  sfr31        00000
__Hsfr4                                   sfr4         00000
__Hsfr5                                   sfr5         00000
__Hsfr6                                   sfr6         00000
__Hsfr7                                   sfr7         00000
__Hsfr8                                   sfr8         00000
__Hsfr9                                   sfr9         00000
__Hspace_0                                (abs)        08009
__Hspace_1                                (abs)        00165
__Hspace_2                                (abs)        00000
__Hspace_3                                (abs)        00000
__Hstack                                  stack        00000
__Hstrings                                strings      00000
__Hstringtext                             stringtext   00000
__Htext                                   text         00000
__Labs1                                   abs1         00000
__Lbank0                                  bank0        00000
__Lbank1                                  bank1        00000
__Lbank10                                 bank10       00000
__Lbank11                                 bank11       00000
__Lbank12                                 bank12       00000
__Lbank13                                 bank13       00000
__Lbank14                                 bank14       00000
__Lbank15                                 bank15       00000
__Lbank16                                 bank16       00000
__Lbank17                                 bank17       00000
__Lbank18                                 bank18       00000
__Lbank19                                 bank19       00000
__Lbank2                                  bank2        00000
__Lbank20                                 bank20       00000
__Lbank21                                 bank21       00000
__Lbank22                                 bank22       00000
__Lbank23                                 bank23       00000
__Lbank24                                 bank24       00000
__Lbank25                                 bank25       00000
__Lbank26                                 bank26       00000
__Lbank27                                 bank27       00000
__Lbank28                                 bank28       00000
__Lbank29                                 bank29       00000
__Lbank3                                  bank3        00000
__Lbank30                                 bank30       00000
__Lbank31                                 bank31       00000
__Lbank4                                  bank4        00000
__Lbank5                                  bank5        00000
__Lbank6                                  bank6        00000
__Lbank7                                  bank7        00000
__Lbank8                                  bank8        00000
__Lbank9                                  bank9        00000
__Lbigram                                 bigram       00000
__LbssBANK0                               bssBANK0     00000
__LbssCOMMON                              bssCOMMON    00000
__Lcinit                                  cinit        00078
__Lclrtext                                clrtext      00000
__Lcode                                   code         00000
__Lcommon                                 common       00000
__Lconfig                                 config       08007
__LcstackBANK0                            cstackBANK0  00000
__LcstackCOMMON                           cstackCOMMON 00000
__LdataBANK0                              dataBANK0    00000
__LdataBANK1                              dataBANK1    00000
__LdataBANK2                              dataBANK2    00000
__Leeprom_data                            eeprom_data  00000
__Lend_init                               end_init     00076
__Lfunctab                                functab      00000
__LidataBANK0                             idataBANK0   00000
__LidataBANK1                             idataBANK1   00000
__LidataBANK2                             idataBANK2   00000
__Lidloc                                  idloc        08000
__Linit                                   init         00076
__Linittext                               inittext     00000
__Lintentry                               intentry     00004
__Lmaintext                               maintext     00000
__Lpowerup                                powerup      00000
__Lram                                    ram          00000
__Lreset_vec                              reset_vec    00000
__Lsfr0                                   sfr0         00000
__Lsfr1                                   sfr1         00000
__Lsfr10                                  sfr10        00000
__Lsfr11                                  sfr11        00000
__Lsfr12                                  sfr12        00000
__Lsfr13                                  sfr13        00000
__Lsfr14                                  sfr14        00000
__Lsfr15                                  sfr15        00000
__Lsfr16                                  sfr16        00000
__Lsfr17                                  sfr17        00000
__Lsfr18                                  sfr18        00000
__Lsfr19                                  sfr19        00000
__Lsfr2                                   sfr2         00000
__Lsfr20                                  sfr20        00000
__Lsfr21                                  sfr21        00000
__Lsfr22                                  sfr22        00000
__Lsfr23                                  sfr23        00000
__Lsfr24                                  sfr24        00000
__Lsfr25                                  sfr25        00000
__Lsfr26                                  sfr26        00000
__Lsfr27                                  sfr27        00000
__Lsfr28                                  sfr28        00000
__Lsfr29                                  sfr29        00000
__Lsfr3                                   sfr3         00000
__Lsfr30                                  sfr30        00000
__Lsfr31                                  sfr31        00000
__Lsfr4                                   sfr4         00000
__Lsfr5                                   sfr5         00000
__Lsfr6                                   sfr6         00000
__Lsfr7                                   sfr7         00000
__Lsfr8                                   sfr8         00000
__Lsfr9                                   sfr9         00000
__Lspace_0                                (abs)        00000
__Lspace_1                                (abs)        00000
__Lspace_2                                (abs)        00000
__Lspace_3                                (abs)        00000
__Lstack                                  stack        00000
__Lstrings                                strings      00000
__Lstringtext                             stringtext   00000
__Ltext                                   text         00000
__S0                                      (abs)        08009
__S1                                      (abs)        00165
__S2                                      (abs)        00000
__S3                                      (abs)        00000
___bmul                                   text2        00D6D
___bmul@multiplicand                      cstackCOMMON 00074
___bmul@multiplier                        cstackBANK0  00042
___bmul@product                           cstackBANK0  00041
___int_sp                                 stack        00000
___latbits                                (abs)        00001
___sp                                     stack        00000
__end_of_BITMAP                           stringtext   00844
__end_of_CHAR_CODE                        stringtext   00827
__end_of_Configuration_Load               text13       00F5F
__end_of_Configuration_ReadByte           text14       00D5B
__end_of_Configuration_Save               text11       01000
__end_of_Configuration_WriteByte          text12       00D6D
__end_of_HEX_TABLE                        stringtext   00824
__end_of_MESSAGE                          stringtext   00814
__end_of_PARALLEL_LCD_ROW_SELECT          stringtext   0082C
__end_of_ParallelLCD_ClearDisplay         text8        00D3B
__end_of_ParallelLCD_ClearRow             text9        00DAF
__end_of_ParallelLCD_Initialize           text7        00DF0
__end_of_ParallelLCD_SetCgram             text6        00E3B
__end_of_ParallelLCD_WriteByte            text10       00D95
__end_of_ParallelLCD_WriteCharacter       text5        00D49
__end_of_ParallelLCD_WriteString          text4        00DCF
__end_of_ParallelLCD_WriteStringClearing  text3        00E71
__end_of___bmul                           text2        00D7F
__end_of__initialization                  cinit        000A7
__end_of_initialize                       text1        007FA
__end_of_isr                              intentry     00076
__end_of_main                             maintext     00793
__end_ofmain@COMPARE_UNITS                stringtext   0082A
__initialization                          cinit        00078
__pbssBANK0                               bssBANK0     0005B
__pbssCOMMON                              bssCOMMON    00076
__pcstackBANK0                            cstackBANK0  00041
__pcstackCOMMON                           cstackCOMMON 00070
__pdataBANK0                              dataBANK0    00020
__pdataBANK1                              dataBANK1    000A0
__pdataBANK2                              dataBANK2    00120
__pidataBANK0                             idataBANK0   00DF0
__pidataBANK1                             idataBANK1   00EB6
__pidataBANK2                             idataBANK2   00E71
__pintentry                               intentry     00004
__pmaintext                               maintext     000AA
__pstringtext                             stringtext   00800
__pswtext1                                swtext1      00A20
__pswtext2                                swtext2      009B4
__pswtext3                                swtext3      0098C
__pswtext4                                swtext4      00A00
__pswtext5                                swtext5      009DA
__ptext1                                  text1        00793
__ptext10                                 text10       00D7F
__ptext11                                 text11       00F5F
__ptext12                                 text12       00D5B
__ptext13                                 text13       00F04
__ptext14                                 text14       00D49
__ptext2                                  text2        00D6D
__ptext3                                  text3        00E3B
__ptext4                                  text4        00DAF
__ptext5                                  text5        00D3B
__ptext6                                  text6        00E11
__ptext7                                  text7        00DCF
__ptext8                                  text8        00D33
__ptext9                                  text9        00D95
__size_of_Configuration_Load              (abs)        00000
__size_of_Configuration_ReadByte          (abs)        00000
__size_of_Configuration_Save              (abs)        00000
__size_of_Configuration_WriteByte         (abs)        00000
__size_of_ParallelLCD_ClearDisplay        (abs)        00000
__size_of_ParallelLCD_ClearRow            (abs)        00000
__size_of_ParallelLCD_Initialize          (abs)        00000
__size_of_ParallelLCD_SetCgram            (abs)        00000
__size_of_ParallelLCD_WriteByte           (abs)        00000
__size_of_ParallelLCD_WriteCharacter      (abs)        00000
__size_of_ParallelLCD_WriteString         (abs)        00000
__size_of_ParallelLCD_WriteStringClearing (abs)        00000
__size_of___bmul                          (abs)        00000
__size_of_initialize                      (abs)        00000
__size_of_isr                             (abs)        00000
__size_of_main                            (abs)        00000
_beatCounter_                             bssBANK0     00066
_configration_                            dataBANK0    00028
_currentMenuInfoPtr_                      bssBANK0     00067
_currentSingleMessage_                    bssBANK0     0005E
_currentValueInfoPtr_                     bssBANK0     00060
_events_                                  bssBANK0     00062
_informationValueBuffer                   dataBANK2    00120
_initialize                               text1        00793
_isMute_                                  bssBANK0     00068
_isr                                      intentry     00004
_machineError_                            bssBANK0     00069
_machineState_                            bssBANK0     0006A
_main                                     maintext     000AA
_menuInfoConfirmLoad_                     dataBANK1    000D0
_menuInfoConfirmReset_                    dataBANK1    000D6
_menuInfoConfirmSave_                     dataBANK1    000DC
_menuInfoDuration_                        dataBANK1    000E2
_menuInfoInformation_                     dataBANK0    00035
_menuInfoMain_                            dataBANK1    000E8
_menuInfoTone_                            dataBANK0    0003B
_sampledPortAState_                       bssBANK0     0006B
_soundDurationCount_                      bssBANK0     00064
_stateReturnCounter_                      bssBANK0     0006C
_tempoCounter_                            bssBANK0     0005B
_valueInfoBeatCount_                      dataBANK1    000A6
_valueInfoDurationClick_                  dataBANK1    000AD
_valueInfoDurationKey_                    dataBANK1    000B4
_valueInfoOscillatorTune_                 dataBANK2    00158
_valueInfoPulseWidth_                     dataBANK1    000BB
_valueInfoTempo_                          dataBANK1    000C2
_valueInfoTone_                           dataBANK1    000C9
btemp                                     (abs)        0007E
clear_ram0                                clrtext      007FA
end_of_initialization                     cinit        000A7
init_ram                                  inittext     00D2D
intlevel0                                 functab      00000
intlevel1                                 functab      00000
intlevel2                                 functab      00000
intlevel3                                 functab      00000
intlevel4                                 functab      00000
intlevel5                                 functab      00000
isr@keyHoldCount                          bssCOMMON    00076
isr@prescaler                             bssCOMMON    00078
ltemp                                     (abs)        0007E
ltemp0                                    (abs)        0007E
ltemp1                                    (abs)        00082
ltemp2                                    (abs)        00086
ltemp3                                    (abs)        00080
main@COMPARE_UNITS                        stringtext   00827
main@F3100                                dataBANK1    000A0
main@chr                                  cstackBANK0  00054
main@i                                    cstackBANK0  0005A
main@isNonZero                            cstackBANK0  00051
main@keyPressed                           cstackBANK0  00055
main@phase                                cstackBANK0  00056
main@portAState                           cstackBANK0  00059
main@prevPortAState                       bssBANK0     0006D
main@returnCode                           cstackBANK0  00057
main@tmpValue                             cstackBANK0  00052
main@userId                               cstackBANK0  00058
main@valueString                          cstackBANK0  0004B
reset_vec                                 reset_vec    00000
stackhi                                   (abs)        0216F
stacklo                                   (abs)        020E5
start                                     init         00076
start_initialization                      cinit        00078
ttemp                                     (abs)        0007E
ttemp0                                    (abs)        0007E
ttemp1                                    (abs)        00081
ttemp2                                    (abs)        00084
ttemp3                                    (abs)        00087
ttemp4                                    (abs)        0007F
wtemp                                     (abs)        0007E
wtemp0                                    (abs)        0007E
wtemp1                                    (abs)        00080
wtemp2                                    (abs)        00082
wtemp3                                    (abs)        00084
wtemp4                                    (abs)        00086
wtemp5                                    (abs)        00088
wtemp6                                    (abs)        0007F


FUNCTION INFORMATION:

 *************** function _main *****************
 Defined at:
		line 256 in file "src/main.c"
 Parameters:    Size  Location     Type
		None
 Auto vars:     Size  Location     Type
  chr             1   19[BANK0 ] unsigned char 
  i               1   25[BANK0 ] unsigned char 
  userId          1   23[BANK0 ] unsigned char 
  valueString     6   10[BANK0 ] unsigned char [6]
  tmpValue        2   17[BANK0 ] unsigned int 
  isNonZero       1   16[BANK0 ] enum E2778
  returnCode      1   22[BANK0 ] enum E2863
  portAState      1   24[BANK0 ] struct .
  keyPressed      1   20[BANK0 ] struct .
  phase           1   21[BANK0 ] unsigned char 
 Return value:  Size  Location     Type
		None               void
 Registers used:
		wreg, fsr0l, fsr0h, fsr1l, fsr1h, status,2, status,0, pclath, cstack
 Tracked objects:
		On entry : 
		On exit  : 
		Unchanged: 
 Data sizes:     COMMON   BANK0   BANK1   BANK2   BANK3   BANK4
      Params:         0       0       0       0       0       0
      Locals:         0      16       0       0       0       0
      Temps:          0       4       0       0       0       0
      Totals:         0      20       0       0       0       0
Total ram usage:       20 bytes
 Hardware stack levels required when called:    4
 This function calls:
		_Configuration_Load
		_Configuration_ReadByte
		_Configuration_Save
		_ParallelLCD_ClearDisplay
		_ParallelLCD_ClearRow
		_ParallelLCD_Initialize
		_ParallelLCD_SetCgram
		_ParallelLCD_WriteCharacter
		_ParallelLCD_WriteString
		_ParallelLCD_WriteStringClearing
		___bmul
		_initialize
 This function is called by:
		Startup code after reset
 This function uses a non-reentrant model


 *************** function _initialize *****************
 Defined at:
		line 5 in file "src/pic16f1827_init.h"
 Parameters:    Size  Location     Type
		None
 Auto vars:     Size  Location     Type
		None
 Return value:  Size  Location     Type
		None               void
 Registers used:
		wreg, status,2, status,0
 Tracked objects:
		On entry : 
		On exit  : 
		Unchanged: 
 Data sizes:     COMMON   BANK0   BANK1   BANK2   BANK3   BANK4
      Params:         0       0       0       0       0       0
      Locals:         0       0       0       0       0       0
      Temps:          0       0       0       0       0       0
      Totals:         0       0       0       0       0       0
Total ram usage:        0 bytes
 Hardware stack levels used:    1
 Hardware stack levels required when called:    1
 This function calls:
		Nothing
 This function is called by:
		_main
 This function uses a non-reentrant model


 *************** function ___bmul *****************
 Defined at:
		line 4 in file "/Applications/microchip/xc8/v1.34/sources/common/Umul8.c"
 Parameters:    Size  Location     Type
  multiplier      1    wreg     unsigned char 
  multiplicand    1    4[COMMON] unsigned char 
 Auto vars:     Size  Location     Type
  multiplier      1    1[BANK0 ] unsigned char 
  product         1    0[BANK0 ] unsigned char 
 Return value:  Size  Location     Type
                  1    wreg      unsigned char 
 Registers used:
		wreg, status,2, status,0
 Tracked objects:
		On entry : 
		On exit  : 
		Unchanged: 
 Data sizes:     COMMON   BANK0   BANK1   BANK2   BANK3   BANK4
      Params:         1       0       0       0       0       0
      Locals:         0       2       0       0       0       0
      Temps:          1       0       0       0       0       0
      Totals:         2       2       0       0       0       0
Total ram usage:        4 bytes
 Hardware stack levels used:    1
 Hardware stack levels required when called:    1
 This function calls:
		Nothing
 This function is called by:
		_main
 This function uses a non-reentrant model


 *************** function _ParallelLCD_WriteStringClearing *****************
 Defined at:
		line 106 in file "src/../../_Common/ParallelLCD.h"
 Parameters:    Size  Location     Type
  position        1    wreg     enum E2805
  stringPtr       2    0[BANK0 ] PTR const unsigned char 
		 -> STR_48(10), STR_47(14), STR_46(12), STR_45(14), 
		 -> STR_44(9), STR_43(9), STR_42(6), STR_41(9), 
		 -> STR_40(5), STR_39(5), STR_38(11), STR_37(14), 
		 -> STR_36(6), STR_35(10), ROM(4096), STR_31(10), 
		 -> STR_30(7), STR_29(13), STR_28(12), STR_27(6), 
		 -> STR_26(7), STR_25(4), STR_24(4), STR_22(10), 
		 -> STR_21(11), STR_20(11), STR_19(11), STR_18(8), 
		 -> STR_17(10), STR_16(12), STR_15(9), STR_14(6), 
		 -> STR_13(6), STR_12(6), STR_11(9), STR_10(6), 
		 -> STR_9(5), STR_8(5), STR_7(5), STR_6(10), 
		 -> STR_5(13), STR_4(14), STR_3(10), STR_2(11), 
		 -> STR_1(9), 
 Auto vars:     Size  Location     Type
  position        1    3[BANK0 ] enum E2805
  i               1    4[BANK0 ] unsigned char 
 Return value:  Size  Location     Type
		None               void
 Registers used:
		wreg, fsr0l, fsr0h, status,2, status,0, pclath, cstack
 Tracked objects:
		On entry : 
		On exit  : 
		Unchanged: 
 Data sizes:     COMMON   BANK0   BANK1   BANK2   BANK3   BANK4
      Params:         0       2       0       0       0       0
      Locals:         0       2       0       0       0       0
      Temps:          0       1       0       0       0       0
      Totals:         0       5       0       0       0       0
Total ram usage:        5 bytes
 Hardware stack levels used:    1
 Hardware stack levels required when called:    2
 This function calls:
		_ParallelLCD_WriteByte
 This function is called by:
		_main
 This function uses a non-reentrant model


 *************** function _ParallelLCD_WriteString *****************
 Defined at:
		line 97 in file "src/../../_Common/ParallelLCD.h"
 Parameters:    Size  Location     Type
  position        1    wreg     enum E2805
  stringPtr       2    2[BANK0 ] PTR const unsigned char 
		 -> main@valueString(6), informationValueBuffer(28), STR_34(8), STR_33(7), 
		 -> STR_32(7), ROM(4096), STR_23(7), 
 Auto vars:     Size  Location     Type
  position        1    5[BANK0 ] enum E2805
 Return value:  Size  Location     Type
		None               void
 Registers used:
		wreg, fsr0l, fsr0h, status,2, status,0, pclath, cstack
 Tracked objects:
		On entry : 
		On exit  : 
		Unchanged: 
 Data sizes:     COMMON   BANK0   BANK1   BANK2   BANK3   BANK4
      Params:         0       2       0       0       0       0
      Locals:         0       1       0       0       0       0
      Temps:          0       1       0       0       0       0
      Totals:         0       4       0       0       0       0
Total ram usage:        4 bytes
 Hardware stack levels used:    1
 Hardware stack levels required when called:    2
 This function calls:
		_ParallelLCD_WriteByte
 This function is called by:
		_main
 This function uses a non-reentrant model


 *************** function _ParallelLCD_WriteCharacter *****************
 Defined at:
		line 90 in file "src/../../_Common/ParallelLCD.h"
 Parameters:    Size  Location     Type
  position        1    wreg     enum E2805
  character       1    0[BANK0 ] unsigned char 
 Auto vars:     Size  Location     Type
  position        1    1[BANK0 ] enum E2805
 Return value:  Size  Location     Type
		None               void
 Registers used:
		wreg, status,2, status,0, pclath, cstack
 Tracked objects:
		On entry : 
		On exit  : 
		Unchanged: 
 Data sizes:     COMMON   BANK0   BANK1   BANK2   BANK3   BANK4
      Params:         0       1       0       0       0       0
      Locals:         0       1       0       0       0       0
      Temps:          0       0       0       0       0       0
      Totals:         0       2       0       0       0       0
Total ram usage:        2 bytes
 Hardware stack levels used:    1
 Hardware stack levels required when called:    2
 This function calls:
		_ParallelLCD_WriteByte
 This function is called by:
		_main
 This function uses a non-reentrant model


 *************** function _ParallelLCD_SetCgram *****************
 Defined at:
		line 143 in file "src/../../_Common/ParallelLCD.h"
 Parameters:    Size  Location     Type
  charCode        1    wreg     unsigned char 
  bitmap          2    0[BANK0 ] PTR const unsigned char 
		 -> BITMAP(24), 
 Auto vars:     Size  Location     Type
  charCode        1    3[BANK0 ] unsigned char 
  i               1    4[BANK0 ] unsigned char 
 Return value:  Size  Location     Type
		None               void
 Registers used:
		wreg, fsr0l, fsr0h, status,2, status,0, pclath, cstack
 Tracked objects:
		On entry : 
		On exit  : 
		Unchanged: 
 Data sizes:     COMMON   BANK0   BANK1   BANK2   BANK3   BANK4
      Params:         0       2       0       0       0       0
      Locals:         0       2       0       0       0       0
      Temps:          0       1       0       0       0       0
      Totals:         0       5       0       0       0       0
Total ram usage:        5 bytes
 Hardware stack levels used:    1
 Hardware stack levels required when called:    2
 This function calls:
		_ParallelLCD_WriteByte
 This function is called by:
		_main
 This function uses a non-reentrant model


 *************** function _ParallelLCD_Initialize *****************
 Defined at:
		line 76 in file "src/../../_Common/ParallelLCD.h"
 Parameters:    Size  Location     Type
  configFuncti    1    wreg     enum E2783
  configDispla    1    0[BANK0 ] enum E2789
  configCursor    1    1[BANK0 ] enum E2795
  configEntryM    1    2[BANK0 ] enum E2800
 Auto vars:     Size  Location     Type
  configFuncti    1    3[BANK0 ] enum E2783
 Return value:  Size  Location     Type
		None               void
 Registers used:
		wreg, status,2, status,0, pclath, cstack
 Tracked objects:
		On entry : 
		On exit  : 
		Unchanged: 
 Data sizes:     COMMON   BANK0   BANK1   BANK2   BANK3   BANK4
      Params:         0       3       0       0       0       0
      Locals:         0       1       0       0       0       0
      Temps:          0       0       0       0       0       0
      Totals:         0       4       0       0       0       0
Total ram usage:        4 bytes
 Hardware stack levels used:    1
 Hardware stack levels required when called:    2
 This function calls:
		_ParallelLCD_WriteByte
 This function is called by:
		_main
 This function uses a non-reentrant model


 *************** function _ParallelLCD_ClearDisplay *****************
 Defined at:
		line 151 in file "src/../../_Common/ParallelLCD.h"
 Parameters:    Size  Location     Type
		None
 Auto vars:     Size  Location     Type
		None
 Return value:  Size  Location     Type
		None               void
 Registers used:
		wreg, status,2, status,0, pclath, cstack
 Tracked objects:
		On entry : 
		On exit  : 
		Unchanged: 
 Data sizes:     COMMON   BANK0   BANK1   BANK2   BANK3   BANK4
      Params:         0       0       0       0       0       0
      Locals:         0       0       0       0       0       0
      Temps:          0       0       0       0       0       0
      Totals:         0       0       0       0       0       0
Total ram usage:        0 bytes
 Hardware stack levels used:    1
 Hardware stack levels required when called:    3
 This function calls:
		_ParallelLCD_ClearRow
 This function is called by:
		_main
 This function uses a non-reentrant model


 *************** function _ParallelLCD_ClearRow *****************
 Defined at:
		line 127 in file "src/../../_Common/ParallelLCD.h"
 Parameters:    Size  Location     Type
  rowSelect       1    wreg     enum E2805
 Auto vars:     Size  Location     Type
  rowSelect       1    1[BANK0 ] enum E2805
  i               1    2[BANK0 ] unsigned char 
 Return value:  Size  Location     Type
		None               void
 Registers used:
		wreg, status,2, status,0, pclath, cstack
 Tracked objects:
		On entry : 
		On exit  : 
		Unchanged: 
 Data sizes:     COMMON   BANK0   BANK1   BANK2   BANK3   BANK4
      Params:         0       0       0       0       0       0
      Locals:         0       2       0       0       0       0
      Temps:          0       1       0       0       0       0
      Totals:         0       3       0       0       0       0
Total ram usage:        3 bytes
 Hardware stack levels used:    1
 Hardware stack levels required when called:    2
 This function calls:
		_ParallelLCD_WriteByte
 This function is called by:
		_ParallelLCD_ClearDisplay
		_main
 This function uses a non-reentrant model


 *************** function _ParallelLCD_WriteByte *****************
 Defined at:
		line 164 in file "src/../../_Common/ParallelLCD.h"
 Parameters:    Size  Location     Type
  data            1    wreg     unsigned char 
  r               1    4[COMMON] enum E2778
 Auto vars:     Size  Location     Type
  data            1    5[COMMON] unsigned char 
 Return value:  Size  Location     Type
		None               void
 Registers used:
		wreg, status,2, status,0
 Tracked objects:
		On entry : 
		On exit  : 
		Unchanged: 
 Data sizes:     COMMON   BANK0   BANK1   BANK2   BANK3   BANK4
      Params:         1       0       0       0       0       0
      Locals:         1       0       0       0       0       0
      Temps:          0       0       0       0       0       0
      Totals:         2       0       0       0       0       0
Total ram usage:        2 bytes
 Hardware stack levels used:    1
 Hardware stack levels required when called:    1
 This function calls:
		Nothing
 This function is called by:
		_ParallelLCD_Initialize
		_ParallelLCD_WriteCharacter
		_ParallelLCD_WriteString
		_ParallelLCD_WriteStringClearing
		_ParallelLCD_ClearRow
		_ParallelLCD_SetCgram
		_ParallelLCD_WriteHexNumber
		_ParallelLCD_ClearPartial
 This function uses a non-reentrant model


 *************** function _Configuration_Save *****************
 Defined at:
		line 70 in file "src/configuration.h"
 Parameters:    Size  Location     Type
  config          1    wreg     PTR struct .
		 -> configration_(13), 
 Auto vars:     Size  Location     Type
  config          1    5[BANK0 ] PTR struct .
		 -> configration_(13), 
  i               1    4[BANK0 ] unsigned char 
  ptrConfig       1    3[BANK0 ] PTR unsigned char 
		 -> configration_(13), 
  returnCode      1    2[BANK0 ] enum E2863
 Return value:  Size  Location     Type
                  1    wreg      enum E2863
 Registers used:
		wreg, fsr1l, fsr1h, status,2, status,0, pclath, cstack
 Tracked objects:
		On entry : 
		On exit  : 
		Unchanged: 
 Data sizes:     COMMON   BANK0   BANK1   BANK2   BANK3   BANK4
      Params:         0       0       0       0       0       0
      Locals:         0       4       0       0       0       0
      Temps:          0       2       0       0       0       0
      Totals:         0       6       0       0       0       0
Total ram usage:        6 bytes
 Hardware stack levels used:    1
 Hardware stack levels required when called:    2
 This function calls:
		_Configuration_ReadByte
		_Configuration_WriteByte
 This function is called by:
		_main
 This function uses a non-reentrant model


 *************** function _Configuration_WriteByte *****************
 Defined at:
		line 158 in file "src/configuration.h"
 Parameters:    Size  Location     Type
  address         1    wreg     unsigned char 
  data            1    4[COMMON] unsigned char 
 Auto vars:     Size  Location     Type
  address         1    5[COMMON] unsigned char 
 Return value:  Size  Location     Type
		None               void
 Registers used:
		wreg, status,2
 Tracked objects:
		On entry : 
		On exit  : 
		Unchanged: 
 Data sizes:     COMMON   BANK0   BANK1   BANK2   BANK3   BANK4
      Params:         1       0       0       0       0       0
      Locals:         1       0       0       0       0       0
      Temps:          0       0       0       0       0       0
      Totals:         2       0       0       0       0       0
Total ram usage:        2 bytes
 Hardware stack levels used:    1
 Hardware stack levels required when called:    1
 This function calls:
		Nothing
 This function is called by:
		_Configuration_Save
 This function uses a non-reentrant model


 *************** function _Configuration_Load *****************
 Defined at:
		line 126 in file "src/configuration.h"
 Parameters:    Size  Location     Type
  config          1    wreg     PTR struct .
		 -> configration_(13), 
 Auto vars:     Size  Location     Type
  config          1    4[BANK0 ] PTR struct .
		 -> configration_(13), 
  i               1    3[BANK0 ] unsigned char 
  ptrConfig       1    2[BANK0 ] PTR unsigned char 
		 -> configration_(13), 
 Return value:  Size  Location     Type
                  1    wreg      enum E2863
 Registers used:
		wreg, fsr1l, fsr1h, status,2, status,0, pclath, cstack
 Tracked objects:
		On entry : 
		On exit  : 
		Unchanged: 
 Data sizes:     COMMON   BANK0   BANK1   BANK2   BANK3   BANK4
      Params:         0       0       0       0       0       0
      Locals:         0       3       0       0       0       0
      Temps:          0       2       0       0       0       0
      Totals:         0       5       0       0       0       0
Total ram usage:        5 bytes
 Hardware stack levels used:    1
 Hardware stack levels required when called:    2
 This function calls:
		_Configuration_ReadByte
 This function is called by:
		_main
 This function uses a non-reentrant model


 *************** function _Configuration_ReadByte *****************
 Defined at:
		line 168 in file "src/configuration.h"
 Parameters:    Size  Location     Type
  address         1    wreg     unsigned char 
  memorySelect    1    4[COMMON] enum E2869
 Auto vars:     Size  Location     Type
  address         1    5[COMMON] unsigned char 
 Return value:  Size  Location     Type
                  1    wreg      unsigned char 
 Registers used:
		wreg, status,2, status,0
 Tracked objects:
		On entry : 
		On exit  : 
		Unchanged: 
 Data sizes:     COMMON   BANK0   BANK1   BANK2   BANK3   BANK4
      Params:         1       0       0       0       0       0
      Locals:         1       0       0       0       0       0
      Temps:          0       0       0       0       0       0
      Totals:         2       0       0       0       0       0
Total ram usage:        2 bytes
 Hardware stack levels used:    1
 Hardware stack levels required when called:    1
 This function calls:
		Nothing
 This function is called by:
		_Configuration_Save
		_Configuration_Load
		_main
 This function uses a non-reentrant model


 *************** function _isr *****************
 Defined at:
		line 990 in file "src/main.c"
 Parameters:    Size  Location     Type
		None
 Auto vars:     Size  Location     Type
		None
 Return value:  Size  Location     Type
		None               void
 Registers used:
		wreg, status,2, status,0
 Tracked objects:
		On entry : 
		On exit  : 
		Unchanged: 
 Data sizes:     COMMON   BANK0   BANK1   BANK2   BANK3   BANK4
      Params:         0       0       0       0       0       0
      Locals:         0       0       0       0       0       0
      Temps:          4       0       0       0       0       0
      Totals:         4       0       0       0       0       0
Total ram usage:        4 bytes
 Hardware stack levels used:    1
 This function calls:
		Nothing
 This function is called by:
		Interrupt level 1
 This function uses a non-reentrant model



MODULE INFORMATION

Module		Function		Class		Link	Load	Size
src/configuration.h
		_Configuration_		CODE           	0F5F	0000	162
		_Configuration_		CODE           	0D5B	0000	19
		_Configuration_		CODE           	0D49	0000	19
		_Configuration_		CODE           	0F04	0000	92

src/configuration.h estimated size: 292

/Applications/microchip/xc8/v1.34/sources/common/Umul8.c
		___bmul        		CODE           	0D6D	0000	19

/Applications/microchip/xc8/v1.34/sources/common/Umul8.c estimated size: 19

src/main.c
		_main          		CODE           	00AA	0000	1770
		_isr           		CODE           	0004	0000	115

src/main.c estimated size: 1885

shared
		_PARALLEL_LCD_R		STRCODE        	082A	0000	3
		main@COMPARE_UN		STRCODE        	0827	0000	4
		_MESSAGE       		STRCODE        	0800	0000	21
		_BITMAP        		STRCODE        	082C	0000	25
		_HEX_TABLE     		STRCODE        	0814	0000	17
		__initializatio		CODE           	0078	0000	48
		_CHAR_CODE     		STRCODE        	0824	0000	4

shared estimated size: 122

src/../../_Common/ParallelLCD.h
		_ParallelLCD_Wr		CODE           	0DAF	0000	33
		_ParallelLCD_Wr		CODE           	0D3B	0000	15
		_ParallelLCD_In		CODE           	0DCF	0000	34
		_ParallelLCD_Se		CODE           	0E11	0000	43
		_ParallelLCD_Cl		CODE           	0D95	0000	27
		_ParallelLCD_Wr		CODE           	0E3B	0000	55
		_ParallelLCD_Wr		CODE           	0D7F	0000	23
		_ParallelLCD_Cl		CODE           	0D33	0000	9

src/../../_Common/ParallelLCD.h estimated size: 239

src/pic16f1827_init.h
		_initialize    		CODE           	0793	0000	104

src/pic16f1827_init.h estimated size: 104

