Microchip MPLAB XC8 Compiler V1.34 ()

Linker command line:

--edf=/Applications/microchip/xc8/v1.34/dat/en_msgs.txt -cs \
  -h+dist/default/production/Clock.X.production.sym \
  --cmf=dist/default/production/Clock.X.production.cmf -z -Q16F1508 \
  -o/tmp/cgtksWf82 -Mdist/default/production/Clock.X.production.map -E1 \
  -ver=XC8 -ASTACK=02066h-020efh -pstack=STACK -ACODE=00h-07FFhx2 \
  -ASTRCODE=00h-0FFFh -ASTRING=00h-0FFhx16 -ACONST=00h-0FFhx16 \
  -AENTRY=00h-0FFhx16 -ACOMMON=070h-07Fh -ABANK0=020h-06Fh \
  -ABANK1=0A0h-0EFh -ABANK2=0120h-016Fh -ABIGRAM=02000h-020EFh \
  -ARAM=020h-06Fh,0A0h-0EFh,0120h-016Fh \
  -AABS1=020h-07Fh,0A0h-0EFh,0120h-016Fh -ASFR0=00h-01Fh -ASFR1=080h-09Fh \
  -ASFR2=0100h-011Fh -ASFR3=0180h-01EFh -ASFR4=0200h-026Fh \
  -ASFR5=0280h-02EFh -ASFR6=0300h-036Fh -ASFR7=0380h-03EFh \
  -ASFR8=0400h-046Fh -ASFR9=0480h-04EFh -ASFR10=0500h-056Fh \
  -ASFR11=0580h-05EFh -ASFR12=0600h-066Fh -ASFR13=0680h-06EFh \
  -ASFR14=0700h-076Fh -ASFR15=0780h-07EFh -ASFR16=0800h-086Fh \
  -ASFR17=0880h-08EFh -ASFR18=0900h-096Fh -ASFR19=0980h-09EFh \
  -ASFR20=0A00h-0A6Fh -ASFR21=0A80h-0AEFh -ASFR22=0B00h-0B6Fh \
  -ASFR23=0B80h-0BEFh -ASFR24=0C00h-0C6Fh -ASFR25=0C80h-0CEFh \
  -ASFR26=0D00h-0D6Fh -ASFR27=0D80h-0DEFh -ASFR28=0E00h-0E6Fh \
  -ASFR29=0E80h-0EEFh -ASFR30=0F00h-0F6Fh -ASFR31=0F80h-0FEFh \
  -preset_vec=00h,intentry=04h,init,end_init -ppowerup=CODE -pcinit=CODE \
  -pfunctab=CODE -ACONFIG=08007h-08008h -pconfig=CONFIG -DCONFIG=2 \
  -AIDLOC=08000h-08003h -pidloc=IDLOC -DIDLOC=2 -DCODE=2 -DSTRCODE=2 \
  -DSTRING=2 -DCONST=2 -DENTRY=2 -k /tmp/cgt2EJAs7.obj \
  dist/default/production/Clock.X.production.obj 

Object code version is 3.11

Machine type is 16F1508



                Name                               Link     Load   Length Selector   Space Scale
/tmp/cgt2EJAs7.obj
                end_init                             51       51        2        8       0
                reset_vec                             0        0        2        0       0
                config                             8007     8007        2    1000E       0
dist/default/production/Clock.X.production.obj
                cinit                                53       53       24        8       0
                intentry                              4        4       4D        8       0
                text14                              FA2      FA2       5E     1F44       0
                text13                              F65      F65       3D     1ECA       0
                text12                              EC4      EC4       17     1D88       0
                text11                              E98      E98       16     1D30       0
                text10                              EDB      EDB       17     1DB6       0
                text9                               6E3      6E3       1D        8       0
                text8                               F0C      F0C       27     1E18       0
                text7                               E8C      E8C        C     1D18       0
                text6                               EF2      EF2       1A     1DE4       0
                text5                               F33      F33       32     1E66       0
                text4                               581      581       EE        8       0
                swtext2                             810      810        E     1000       0
                text3                               461      461      120        8       0
                text2                               66F      66F       74        8       0
                text1                               7B6      7B6       41      F6C       0
                swtext1                             800      800       10     1000       0
                maintext                             77       77      3EA        8       0
                cstackBANK0                          20       20       25       20       1
                cstackCOMMON                         70       70        A       70       1
                inittext                            E86      E86        6     1D0C       0
                clrtext                             7F7      7F7        6      F6C       0
                dataBANK1                            A0       A0       16       A0       1
                dataBANK0                            68       68        4       20       1
                bssBANK0                             45       45       23       20       1
                bssCOMMON                            7A       7A        2       70       1
                stringtext                          700      700       B6        E       0
                idataBANK1                          EAE      EAE       16     1D5C       0
                idataBANK0                          E82      E82        4     1D04       0

TOTAL           Name                               Link     Load   Length     Space
        CLASS   STACK          

        CLASS   CODE           
                end_init                             51       51        2         0
                cinit                                53       53       24         0
                intentry                              4        4       4D         0
                reset_vec                             0        0        2         0
                text14                              FA2      FA2       5E         0
                text13                              F65      F65       3D         0
                text12                              EC4      EC4       17         0
                text11                              E98      E98       16         0
                text10                              EDB      EDB       17         0
                text9                               6E3      6E3       1D         0
                text8                               F0C      F0C       27         0
                text7                               E8C      E8C        C         0
                text6                               EF2      EF2       1A         0
                text5                               F33      F33       32         0
                text4                               581      581       EE         0
                text3                               461      461      120         0
                text2                               66F      66F       74         0
                text1                               7B6      7B6       41         0
                maintext                             77       77      3EA         0
                inittext                            E86      E86        6         0
                clrtext                             7F7      7F7        6         0
                idataBANK1                          EAE      EAE       16         0
                idataBANK0                          E82      E82        4         0

        CLASS   STRCODE        
                stringtext                          700      700       B6         0

        CLASS   STRING         

        CLASS   CONST          
                swtext2                             810      810        E         0
                swtext1                             800      800       10         0

        CLASS   ENTRY          

        CLASS   COMMON         
                cstackCOMMON                         70       70        A         1
                bssCOMMON                            7A       7A        2         1

        CLASS   BANK0          
                cstackBANK0                          20       20       25         1
                dataBANK0                            68       68        4         1
                bssBANK0                             45       45       23         1

        CLASS   BANK1          
                dataBANK1                            A0       A0       16         1

        CLASS   BANK2          

        CLASS   BIGRAM         

        CLASS   RAM            

        CLASS   ABS1           
                abs_s1                               7E       7E        2         1

        CLASS   SFR0           

        CLASS   SFR1           

        CLASS   SFR2           

        CLASS   SFR3           

        CLASS   SFR4           

        CLASS   SFR5           

        CLASS   SFR6           

        CLASS   SFR7           

        CLASS   SFR8           

        CLASS   SFR9           

        CLASS   SFR10          

        CLASS   SFR11          

        CLASS   SFR12          

        CLASS   SFR13          

        CLASS   SFR14          

        CLASS   SFR15          

        CLASS   SFR16          

        CLASS   SFR17          

        CLASS   SFR18          

        CLASS   SFR19          

        CLASS   SFR20          

        CLASS   SFR21          

        CLASS   SFR22          

        CLASS   SFR23          

        CLASS   SFR24          

        CLASS   SFR25          

        CLASS   SFR26          

        CLASS   SFR27          

        CLASS   SFR28          

        CLASS   SFR29          

        CLASS   SFR30          

        CLASS   SFR31          

        CLASS   CONFIG         
                config                             8007     8007        2         0

        CLASS   IDLOC          

        CLASS   BANK31         

        CLASS   BANK30         

        CLASS   BANK29         

        CLASS   BANK28         

        CLASS   BANK27         

        CLASS   BANK26         

        CLASS   BANK25         

        CLASS   BANK24         

        CLASS   BANK23         

        CLASS   BANK22         

        CLASS   BANK21         

        CLASS   BANK20         

        CLASS   BANK19         

        CLASS   BANK18         

        CLASS   BANK17         

        CLASS   BANK16         

        CLASS   BANK15         

        CLASS   BANK14         

        CLASS   BANK13         

        CLASS   BANK12         

        CLASS   BANK11         

        CLASS   BANK10         

        CLASS   BANK9          

        CLASS   BANK8          

        CLASS   BANK7          

        CLASS   BANK6          

        CLASS   BANK5          

        CLASS   BANK4          

        CLASS   BANK3          

        CLASS   EEDATA         



SEGMENTS        Name                           Load    Length   Top    Selector   Space  Class     Delta

                reset_vec                      000000  000002  000002         0       0  CODE        2
                intentry                       000004  0006FC  000700         8       0  CODE        2
                cstackBANK0                    000020  00004C  00006C        20       1  BANK0       1
                cstackCOMMON                   000070  00000C  00007C        70       1  COMMON      1
                dataBANK1                      0000A0  000016  0000B6        A0       1  BANK1       1
                stringtext                     000700  0000B6  0007B6         E       0  STRCODE     2
                text1                          0007B6  000047  0007FD       F6C       0  CODE        2
                swtext1                        000800  00001E  00081E      1000       0  CONST       2
                idataBANK0                     000E82  000004  000E86      1D04       0  CODE        2
                inittext                       000E86  000006  000E8C      1D0C       0  CODE        2
                text7                          000E8C  00000C  000E98      1D18       0  CODE        2
                text11                         000E98  000016  000EAE      1D30       0  CODE        2
                idataBANK1                     000EAE  000016  000EC4      1D5C       0  CODE        2
                text12                         000EC4  000017  000EDB      1D88       0  CODE        2
                text10                         000EDB  000017  000EF2      1DB6       0  CODE        2
                text6                          000EF2  00001A  000F0C      1DE4       0  CODE        2
                text8                          000F0C  000027  000F33      1E18       0  CODE        2
                text5                          000F33  000032  000F65      1E66       0  CODE        2
                text13                         000F65  00003D  000FA2      1ECA       0  CODE        2
                text14                         000FA2  00005E  001000      1F44       0  CODE        2
                config                         008007  000002  008009     1000E       0  CONFIG      2


UNUSED ADDRESS RANGES

        Name                Unused          Largest block    Delta
        BANK0            0006C-0006F               4           1
        BANK1            000B6-000EF              3A           1
        BANK2            00120-0016F              50           1
        BIGRAM           02000-020EF              F0           1
        CODE             00002-00003               2           2
                         007FD-007FF               3
                         0081E-00E81             664
        COMMON           0007C-0007D               2           1
        CONST            00002-00003               2           2
                         007FD-007FF               3
                         0081E-00E81             100
        ENTRY            00002-00003               2           2
                         007FD-007FF               3
                         0081E-00E81             100
        IDLOC            08000-08003               4           2
        RAM              0006C-0006F               4           1
                         000B6-000EF              3A
                         00120-0016F              50
        SFR0             00000-0001F              20           1
        SFR1             00080-0009F              20           1
        SFR10            00500-0056F              70           1
        SFR11            00580-005EF              70           1
        SFR12            00600-0066F              70           1
        SFR13            00680-006EF              70           1
        SFR14            00700-0076F              70           1
        SFR15            00780-007EF              70           1
        SFR16            00800-0086F              70           1
        SFR17            00880-008EF              70           1
        SFR18            00900-0096F              70           1
        SFR19            00980-009EF              70           1
        SFR2             00100-0011F              20           1
        SFR20            00A00-00A6F              70           1
        SFR21            00A80-00AEF              70           1
        SFR22            00B00-00B6F              70           1
        SFR23            00B80-00BEF              70           1
        SFR24            00C00-00C6F              70           1
        SFR25            00C80-00CEF              70           1
        SFR26            00D00-00D6F              70           1
        SFR27            00D80-00DEF              70           1
        SFR28            00E00-00E6F              70           1
        SFR29            00E80-00EEF              70           1
        SFR3             00180-001EF              70           1
        SFR30            00F00-00F6F              70           1
        SFR31            00F80-00FEF              70           1
        SFR4             00200-0026F              70           1
        SFR5             00280-002EF              70           1
        SFR6             00300-0036F              70           1
        SFR7             00380-003EF              70           1
        SFR8             00400-0046F              70           1
        SFR9             00480-004EF              70           1
        STACK            02066-020EF              8A           1
        STRCODE          00002-00003               2           2
                         007FD-007FF               3
                         0081E-00E81             664
        STRING           00002-00003               2           2
                         007FD-007FF               3
                         0081E-00E81             100

                                  Symbol Table

DS1307_GetData@dataCount                   cstackCOMMON 00078
DS1307_GetData@date                        cstackCOMMON 00077
DS1307_GetData@datePtr                     cstackCOMMON 00076
DS1307_GetData@length                      cstackCOMMON 00073
DS1307_GetData@ramAddress                  cstackCOMMON 00072
DS1307_SetClock@date                       cstackCOMMON 00074
DS1307_SetClock@datePtr                    cstackCOMMON 00073
DS1307_SetClock@i                          cstackCOMMON 00075
ParallelLCD_ClearPartial@i                 cstackCOMMON 00078
ParallelLCD_ClearPartial@length            cstackCOMMON 00075
ParallelLCD_ClearPartial@position          cstackCOMMON 00077
ParallelLCD_ClearRow@i                     cstackCOMMON 00077
ParallelLCD_ClearRow@rowSelect             cstackCOMMON 00076
ParallelLCD_Initialize@configCursor        cstackCOMMON 00076
ParallelLCD_Initialize@configDisplay       cstackCOMMON 00075
ParallelLCD_Initialize@configEntryMode     cstackCOMMON 00077
ParallelLCD_Initialize@configFunction      cstackCOMMON 00078
ParallelLCD_SetCgram@bitmap                cstackCOMMON 00075
ParallelLCD_SetCgram@charCode              cstackCOMMON 00078
ParallelLCD_SetCgram@i                     cstackCOMMON 00079
ParallelLCD_WriteByte@data                 cstackCOMMON 00074
ParallelLCD_WriteByte@r                    cstackCOMMON 00072
ParallelLCD_WriteCharacter@character       cstackCOMMON 00075
ParallelLCD_WriteCharacter@position        cstackCOMMON 00076
ParallelLCD_WriteString@position           cstackCOMMON 00077
ParallelLCD_WriteString@stringPtr          cstackCOMMON 00075
ParallelLCD_WriteStringClearing@i          cstackCOMMON 00079
ParallelLCD_WriteStringClearing@position   cstackCOMMON 00078
ParallelLCD_WriteStringClearing@stringPtr  cstackCOMMON 00075
_ANSELA                                    (abs)        0018C
_ANSELB                                    (abs)        0018D
_ANSELC                                    (abs)        0018E
_CURSOR_BITMAP                             stringtext   00731
_DS1307_GetData                            text14       00FA2
_DS1307_SetClock                           text13       00F65
_HEX_TABLE                                 stringtext   00700
_INTCONbits                                (abs)        0000B
_IOCAF3                                    (abs)        01C9B
_IOCANbits                                 (abs)        00392
_IOCIE                                     (abs)        0005B
_IOCIF                                     (abs)        00058
_LATBbits                                  (abs)        0010D
_LATC                                      (abs)        0010E
_MESSAGE_MENU                              dataBANK1    000AE
_OPTION_REGbits                            (abs)        00095
_OSCCONbits                                (abs)        00099
_PARALLEL_LCD_ROW_SELECT                   stringtext   00713
_PIE1bits                                  (abs)        00091
_PIR1bits                                  (abs)        00011
_PORTA                                     (abs)        0000C
_PR2                                       (abs)        0001B
_PWM3CONbits                               (abs)        00619
_PWM3DCH                                   (abs)        00618
_PWM3DCL                                   (abs)        00617
_PWM3OE                                    (abs)        030CE
_ParallelLCD_ClearPartial                  text11       00E98
_ParallelLCD_ClearRow                      text10       00EDB
_ParallelLCD_Initialize                    text9        006E3
_ParallelLCD_SetCgram                      text8        00F0C
_ParallelLCD_WriteByte                     text12       00EC4
_ParallelLCD_WriteCharacter                text7        00E8C
_ParallelLCD_WriteString                   text6        00EF2
_ParallelLCD_WriteStringClearing           text5        00F33
_SSP1ADD                                   (abs)        00212
_SSP1BUF                                   (abs)        00211
_SSP1CON1                                  (abs)        00215
_SSP1CON2bits                              (abs)        00216
_SSP1IF                                    (abs)        0008B
_SSP1STAT                                  (abs)        00214
_SSPSTATbits                               (abs)        00214
_STR_DAY_OF_WEEK                           dataBANK1    000A0
_T2CONbits                                 (abs)        0001C
_TMR0                                      (abs)        00015
_TMR2                                      (abs)        0001A
_TRISA                                     (abs)        0008C
_TRISB                                     (abs)        0008D
_TRISC                                     (abs)        0008E
_VALUE_INFORMATIONS                        stringtext   00715
__                                         intentry     00004
__@prescaler10ms                           bssCOMMON    0007A
__CFG_BOREN$ON                             (abs)        00000
__CFG_BORV$HI                              (abs)        00000
__CFG_CLKOUTEN$OFF                         (abs)        00000
__CFG_CP$OFF                               (abs)        00000
__CFG_FCMEN$ON                             (abs)        00000
__CFG_FOSC$INTOSC                          (abs)        00000
__CFG_IESO$OFF                             (abs)        00000
__CFG_LPBOR$ON                             (abs)        00000
__CFG_LVP$OFF                              (abs)        00000
__CFG_MCLRE$OFF                            (abs)        00000
__CFG_PWRTE$ON                             (abs)        00000
__CFG_STVREN$ON                            (abs)        00000
__CFG_WDTE$ON                              (abs)        00000
__CFG_WRT$OFF                              (abs)        00000
__Habs1                                    abs1         00000
__Hbank0                                   bank0        00000
__Hbank1                                   bank1        00000
__Hbank10                                  bank10       00000
__Hbank11                                  bank11       00000
__Hbank12                                  bank12       00000
__Hbank13                                  bank13       00000
__Hbank14                                  bank14       00000
__Hbank15                                  bank15       00000
__Hbank16                                  bank16       00000
__Hbank17                                  bank17       00000
__Hbank18                                  bank18       00000
__Hbank19                                  bank19       00000
__Hbank2                                   bank2        00000
__Hbank20                                  bank20       00000
__Hbank21                                  bank21       00000
__Hbank22                                  bank22       00000
__Hbank23                                  bank23       00000
__Hbank24                                  bank24       00000
__Hbank25                                  bank25       00000
__Hbank26                                  bank26       00000
__Hbank27                                  bank27       00000
__Hbank28                                  bank28       00000
__Hbank29                                  bank29       00000
__Hbank3                                   bank3        00000
__Hbank30                                  bank30       00000
__Hbank31                                  bank31       00000
__Hbank4                                   bank4        00000
__Hbank5                                   bank5        00000
__Hbank6                                   bank6        00000
__Hbank7                                   bank7        00000
__Hbank8                                   bank8        00000
__Hbank9                                   bank9        00000
__Hbigram                                  bigram       00000
__HbssBANK0                                bssBANK0     00000
__HbssCOMMON                               bssCOMMON    00000
__Hcinit                                   cinit        00077
__Hclrtext                                 clrtext      00000
__Hcode                                    code         00000
__Hcommon                                  common       00000
__Hconfig                                  config       08009
__HcstackBANK0                             cstackBANK0  00000
__HcstackCOMMON                            cstackCOMMON 00000
__HdataBANK0                               dataBANK0    00000
__HdataBANK1                               dataBANK1    00000
__Heeprom_data                             eeprom_data  00000
__Hend_init                                end_init     00053
__Hfunctab                                 functab      00000
__HidataBANK0                              idataBANK0   00000
__HidataBANK1                              idataBANK1   00000
__Hidloc                                   idloc        00000
__Hinit                                    init         00051
__Hinittext                                inittext     00000
__Hintentry                                intentry     00051
__Hmaintext                                maintext     00000
__Hpowerup                                 powerup      00000
__Hram                                     ram          00000
__Hreset_vec                               reset_vec    00002
__Hsfr0                                    sfr0         00000
__Hsfr1                                    sfr1         00000
__Hsfr10                                   sfr10        00000
__Hsfr11                                   sfr11        00000
__Hsfr12                                   sfr12        00000
__Hsfr13                                   sfr13        00000
__Hsfr14                                   sfr14        00000
__Hsfr15                                   sfr15        00000
__Hsfr16                                   sfr16        00000
__Hsfr17                                   sfr17        00000
__Hsfr18                                   sfr18        00000
__Hsfr19                                   sfr19        00000
__Hsfr2                                    sfr2         00000
__Hsfr20                                   sfr20        00000
__Hsfr21                                   sfr21        00000
__Hsfr22                                   sfr22        00000
__Hsfr23                                   sfr23        00000
__Hsfr24                                   sfr24        00000
__Hsfr25                                   sfr25        00000
__Hsfr26                                   sfr26        00000
__Hsfr27                                   sfr27        00000
__Hsfr28                                   sfr28        00000
__Hsfr29                                   sfr29        00000
__Hsfr3                                    sfr3         00000
__Hsfr30                                   sfr30        00000
__Hsfr31                                   sfr31        00000
__Hsfr4                                    sfr4         00000
__Hsfr5                                    sfr5         00000
__Hsfr6                                    sfr6         00000
__Hsfr7                                    sfr7         00000
__Hsfr8                                    sfr8         00000
__Hsfr9                                    sfr9         00000
__Hspace_0                                 (abs)        08009
__Hspace_1                                 (abs)        000B6
__Hspace_2                                 (abs)        00000
__Hspace_3                                 (abs)        00000
__Hstack                                   stack        00000
__Hstrings                                 strings      00000
__Hstringtext                              stringtext   00000
__Htext                                    text         00000
__Labs1                                    abs1         00000
__Lbank0                                   bank0        00000
__Lbank1                                   bank1        00000
__Lbank10                                  bank10       00000
__Lbank11                                  bank11       00000
__Lbank12                                  bank12       00000
__Lbank13                                  bank13       00000
__Lbank14                                  bank14       00000
__Lbank15                                  bank15       00000
__Lbank16                                  bank16       00000
__Lbank17                                  bank17       00000
__Lbank18                                  bank18       00000
__Lbank19                                  bank19       00000
__Lbank2                                   bank2        00000
__Lbank20                                  bank20       00000
__Lbank21                                  bank21       00000
__Lbank22                                  bank22       00000
__Lbank23                                  bank23       00000
__Lbank24                                  bank24       00000
__Lbank25                                  bank25       00000
__Lbank26                                  bank26       00000
__Lbank27                                  bank27       00000
__Lbank28                                  bank28       00000
__Lbank29                                  bank29       00000
__Lbank3                                   bank3        00000
__Lbank30                                  bank30       00000
__Lbank31                                  bank31       00000
__Lbank4                                   bank4        00000
__Lbank5                                   bank5        00000
__Lbank6                                   bank6        00000
__Lbank7                                   bank7        00000
__Lbank8                                   bank8        00000
__Lbank9                                   bank9        00000
__Lbigram                                  bigram       00000
__LbssBANK0                                bssBANK0     00000
__LbssCOMMON                               bssCOMMON    00000
__Lcinit                                   cinit        00053
__Lclrtext                                 clrtext      00000
__Lcode                                    code         00000
__Lcommon                                  common       00000
__Lconfig                                  config       08007
__LcstackBANK0                             cstackBANK0  00000
__LcstackCOMMON                            cstackCOMMON 00000
__LdataBANK0                               dataBANK0    00000
__LdataBANK1                               dataBANK1    00000
__Leeprom_data                             eeprom_data  00000
__Lend_init                                end_init     00051
__Lfunctab                                 functab      00000
__LidataBANK0                              idataBANK0   00000
__LidataBANK1                              idataBANK1   00000
__Lidloc                                   idloc        00000
__Linit                                    init         00051
__Linittext                                inittext     00000
__Lintentry                                intentry     00004
__Lmaintext                                maintext     00000
__Lpowerup                                 powerup      00000
__Lram                                     ram          00000
__Lreset_vec                               reset_vec    00000
__Lsfr0                                    sfr0         00000
__Lsfr1                                    sfr1         00000
__Lsfr10                                   sfr10        00000
__Lsfr11                                   sfr11        00000
__Lsfr12                                   sfr12        00000
__Lsfr13                                   sfr13        00000
__Lsfr14                                   sfr14        00000
__Lsfr15                                   sfr15        00000
__Lsfr16                                   sfr16        00000
__Lsfr17                                   sfr17        00000
__Lsfr18                                   sfr18        00000
__Lsfr19                                   sfr19        00000
__Lsfr2                                    sfr2         00000
__Lsfr20                                   sfr20        00000
__Lsfr21                                   sfr21        00000
__Lsfr22                                   sfr22        00000
__Lsfr23                                   sfr23        00000
__Lsfr24                                   sfr24        00000
__Lsfr25                                   sfr25        00000
__Lsfr26                                   sfr26        00000
__Lsfr27                                   sfr27        00000
__Lsfr28                                   sfr28        00000
__Lsfr29                                   sfr29        00000
__Lsfr3                                    sfr3         00000
__Lsfr30                                   sfr30        00000
__Lsfr31                                   sfr31        00000
__Lsfr4                                    sfr4         00000
__Lsfr5                                    sfr5         00000
__Lsfr6                                    sfr6         00000
__Lsfr7                                    sfr7         00000
__Lsfr8                                    sfr8         00000
__Lsfr9                                    sfr9         00000
__Lspace_0                                 (abs)        00000
__Lspace_1                                 (abs)        00000
__Lspace_2                                 (abs)        00000
__Lspace_3                                 (abs)        00000
__Lstack                                   stack        00000
__Lstrings                                 strings      00000
__Lstringtext                              stringtext   00000
__Ltext                                    text         00000
__S0                                       (abs)        08009
__S1                                       (abs)        000B6
__S2                                       (abs)        00000
___int_sp                                  stack        00000
___latbits                                 (abs)        00001
___sp                                      stack        00000
__date_time_ConvertByteToDate              text4        00581
__date_time_ConvertByteToDate@dateTime     cstackCOMMON 00076
__date_time_ConvertByteToDate@stinrg       cstackCOMMON 00072
__date_time_ConvertByteToDiscrete          text3        00461
__date_time_ConvertByteToDiscrete@dateTime cstackCOMMON 00077
__date_time_ConvertByteToDiscrete@select   cstackCOMMON 00073
__date_time_ConvertByteToDiscrete@string   cstackCOMMON 00072
__date_time_ConvertByteToTime              text2        0066F
__date_time_ConvertByteToTime@dateTime     cstackCOMMON 00075
__date_time_ConvertByteToTime@string       cstackCOMMON 00072
__end_of_CURSOR_BITMAP                     stringtext   00739
__end_of_DS1307_GetData                    text14       01000
__end_of_DS1307_SetClock                   text13       00FA2
__end_of_HEX_TABLE                         stringtext   00710
__end_of_PARALLEL_LCD_ROW_SELECT           stringtext   00715
__end_of_ParallelLCD_ClearPartial          text11       00EAE
__end_of_ParallelLCD_ClearRow              text10       00EF2
__end_of_ParallelLCD_Initialize            text9        00700
__end_of_ParallelLCD_SetCgram              text8        00F33
__end_of_ParallelLCD_WriteByte             text12       00EDB
__end_of_ParallelLCD_WriteCharacter        text7        00E98
__end_of_ParallelLCD_WriteString           text6        00F0C
__end_of_ParallelLCD_WriteStringClearing   text5        00F65
__end_of_VALUE_INFORMATIONS                stringtext   00731
__end_of__                                 intentry     00051
__end_of__date_time_ConvertByteToDate      text4        0066F
__end_of__date_time_ConvertByteToDiscrete  text3        00581
__end_of__date_time_ConvertByteToTime      text2        006E3
__end_of__initialization                   cinit        00074
__end_of_initialize                        text1        007F7
__end_of_main                              maintext     00461
__end_ofmain@COMPARE_UNITS                 stringtext   00713
__initialization                           cinit        00053
__pbssBANK0                                bssBANK0     00045
__pbssCOMMON                               bssCOMMON    0007A
__pcstackBANK0                             cstackBANK0  00020
__pcstackCOMMON                            cstackCOMMON 00070
__pdataBANK0                               dataBANK0    00068
__pdataBANK1                               dataBANK1    000A0
__pidataBANK0                              idataBANK0   00E82
__pidataBANK1                              idataBANK1   00EAE
__pintentry                                intentry     00004
__pmaintext                                maintext     00077
__pstringtext                              stringtext   00700
__pswtext1                                 swtext1      00800
__pswtext2                                 swtext2      00810
__ptext1                                   text1        007B6
__ptext10                                  text10       00EDB
__ptext11                                  text11       00E98
__ptext12                                  text12       00EC4
__ptext13                                  text13       00F65
__ptext14                                  text14       00FA2
__ptext2                                   text2        0066F
__ptext3                                   text3        00461
__ptext4                                   text4        00581
__ptext5                                   text5        00F33
__ptext6                                   text6        00EF2
__ptext7                                   text7        00E8C
__ptext8                                   text8        00F0C
__ptext9                                   text9        006E3
__size_of_DS1307_GetData                   (abs)        00000
__size_of_DS1307_SetClock                  (abs)        00000
__size_of_ParallelLCD_ClearPartial         (abs)        00000
__size_of_ParallelLCD_ClearRow             (abs)        00000
__size_of_ParallelLCD_Initialize           (abs)        00000
__size_of_ParallelLCD_SetCgram             (abs)        00000
__size_of_ParallelLCD_WriteByte            (abs)        00000
__size_of_ParallelLCD_WriteCharacter       (abs)        00000
__size_of_ParallelLCD_WriteString          (abs)        00000
__size_of_ParallelLCD_WriteStringClearing  (abs)        00000
__size_of__                                (abs)        00000
__size_of__date_time_ConvertByteToDate     (abs)        00000
__size_of__date_time_ConvertByteToDiscrete (abs)        00000
__size_of__date_time_ConvertByteToTime     (abs)        00000
__size_of_initialize                       (abs)        00000
__size_of_main                             (abs)        00000
_blinkPrescaler                            bssBANK0     00050
_currentEditValue                          bssBANK0     00051
_currentValueInfo                          bssBANK0     0004E
_cursorPosition                            bssBANK0     00052
_dateCurrent                               bssBANK0     00059
_datePtr                                   bssBANK0     00067
_dateTimer                                 bssBANK0     00060
_editSelect                                bssBANK0     00053
_events_                                   bssBANK0     0004B
_initialize                                text1        007B6
_keyBeepCounter_                           bssBANK0     00054
_keyCounter_                               bssBANK0     00045
_machineState_                             bssBANK0     00055
_main                                      maintext     00077
_menuSelect                                bssBANK0     00056
_sampledPortAState_                        bssBANK0     00057
btemp                                      (abs)        0007E
clear_ram0                                 clrtext      007F7
end_of_initialization                      cinit        00074
init_ram                                   inittext     00E86
intlevel0                                  functab      00000
intlevel1                                  functab      00000
intlevel2                                  functab      00000
intlevel3                                  functab      00000
intlevel4                                  functab      00000
intlevel5                                  functab      00000
ltemp                                      (abs)        0007E
ltemp0                                     (abs)        0007E
ltemp1                                     (abs)        00082
ltemp2                                     (abs)        00086
ltemp3                                     (abs)        00080
main@COMPARE_UNITS                         stringtext   00710
main@F4324                                 dataBANK0    00068
main@compareUnit                           cstackBANK0  0003D
main@i                                     cstackBANK0  00044
main@isNonZero                             cstackBANK0  0003B
main@isTimeToAlerm                         cstackBANK0  00039
main@keyChange                             cstackBANK0  0003C
main@keyPressed                            cstackBANK0  00042
main@keyReleased                           cstackBANK0  00038
main@portAState                            cstackBANK0  00043
main@prevPortAState                        bssBANK0     00058
main@string                                cstackBANK0  00023
main@string_880                            cstackBANK0  0003E
main@tmpValue                              cstackBANK0  0003A
main@valueString                           cstackBANK0  00034
reset_vec                                  reset_vec    00000
stackhi                                    (abs)        020EF
stacklo                                    (abs)        02066
start                                      init         00051
start_initialization                       cinit        00053
ttemp                                      (abs)        0007E
ttemp0                                     (abs)        0007E
ttemp1                                     (abs)        00081
ttemp2                                     (abs)        00084
ttemp3                                     (abs)        00087
ttemp4                                     (abs)        0007F
wtemp                                      (abs)        0007E
wtemp0                                     (abs)        0007E
wtemp1                                     (abs)        00080
wtemp2                                     (abs)        00082
wtemp3                                     (abs)        00084
wtemp4                                     (abs)        00086
wtemp5                                     (abs)        00088
wtemp6                                     (abs)        0007F


FUNCTION INFORMATION:

 *************** function _main *****************
 Defined at:
		line 216 in file "src/main.c"
 Parameters:    Size  Location     Type
		None
 Auto vars:     Size  Location     Type
  compareUnit     1   29[BANK0 ] unsigned char 
  i               1   36[BANK0 ] unsigned char 
  valueString     4   20[BANK0 ] unsigned char [4]
  isNonZero       1   27[BANK0 ] unsigned char 
  tmpValue        1   26[BANK0 ] unsigned char 
  string         17    3[BANK0 ] unsigned char [17]
  isTimeToAler    1   25[BANK0 ] enum E4074
  string          4   30[BANK0 ] unsigned char [4]
  portAState      1   35[BANK0 ] struct .
  keyPressed      1   34[BANK0 ] struct .
  keyChange       1   28[BANK0 ] struct .
  keyReleased     1   24[BANK0 ] struct .
 Return value:  Size  Location     Type
                  2  261[None  ] int 
 Registers used:
		wreg, fsr0l, fsr0h, fsr1l, fsr1h, status,2, status,0, pclath, cstack
 Tracked objects:
		On entry : 
		On exit  : 
		Unchanged: 
 Data sizes:     COMMON   BANK0   BANK1   BANK2
      Params:         0       0       0       0
      Locals:         0      34       0       0
      Temps:          0       3       0       0
      Totals:         0      37       0       0
Total ram usage:       37 bytes
 Hardware stack levels required when called:    3
 This function calls:
		_DS1307_GetData
		_DS1307_SetClock
		_ParallelLCD_ClearPartial
		_ParallelLCD_ClearRow
		_ParallelLCD_Initialize
		_ParallelLCD_SetCgram
		_ParallelLCD_WriteCharacter
		_ParallelLCD_WriteString
		_ParallelLCD_WriteStringClearing
		__date_time_ConvertByteToDate
		__date_time_ConvertByteToDiscrete
		__date_time_ConvertByteToTime
		_initialize
 This function is called by:
		Startup code after reset
 This function uses a non-reentrant model


 *************** function _initialize *****************
 Defined at:
		line 3 in file "src/pic16f1508_init.h"
 Parameters:    Size  Location     Type
		None
 Auto vars:     Size  Location     Type
		None
 Return value:  Size  Location     Type
		None               void
 Registers used:
		wreg, status,2, status,0
 Tracked objects:
		On entry : 
		On exit  : 
		Unchanged: 
 Data sizes:     COMMON   BANK0   BANK1   BANK2
      Params:         0       0       0       0
      Locals:         0       0       0       0
      Temps:          0       0       0       0
      Totals:         0       0       0       0
Total ram usage:        0 bytes
 Hardware stack levels used:    1
 Hardware stack levels required when called:    1
 This function calls:
		Nothing
 This function is called by:
		_main
 This function uses a non-reentrant model


 *************** function __date_time_ConvertByteToTime *****************
 Defined at:
		line 115 in file "src/../../_Common/DateTime.h"
 Parameters:    Size  Location     Type
  dateTime        1    wreg     PTR struct .
		 -> NULL(0), dateCurrent(7), datePtr(1), dateTimer(7), 
  string          1    2[COMMON] PTR unsigned char 
		 -> main@string(17), 
 Auto vars:     Size  Location     Type
  dateTime        1    5[COMMON] PTR struct .
		 -> NULL(0), dateCurrent(7), datePtr(1), dateTimer(7), 
 Return value:  Size  Location     Type
		None               void
 Registers used:
		wreg, fsr1l, fsr1h, status,2, status,0
 Tracked objects:
		On entry : 
		On exit  : 
		Unchanged: 
 Data sizes:     COMMON   BANK0   BANK1   BANK2
      Params:         1       0       0       0
      Locals:         1       0       0       0
      Temps:          2       0       0       0
      Totals:         4       0       0       0
Total ram usage:        4 bytes
 Hardware stack levels used:    1
 Hardware stack levels required when called:    1
 This function calls:
		Nothing
 This function is called by:
		_main
 This function uses a non-reentrant model


 *************** function __date_time_ConvertByteToDiscrete *****************
 Defined at:
		line 135 in file "src/../../_Common/DateTime.h"
 Parameters:    Size  Location     Type
  dateTime        1    wreg     PTR struct .
		 -> NULL(0), dateCurrent(7), datePtr(1), dateTimer(7), 
  string          1    2[COMMON] PTR unsigned char 
		 -> main@string_880(4), 
  select          1    3[COMMON] enum E4144
 Auto vars:     Size  Location     Type
  dateTime        1    7[COMMON] PTR struct .
		 -> NULL(0), dateCurrent(7), datePtr(1), dateTimer(7), 
 Return value:  Size  Location     Type
		None               void
 Registers used:
		wreg, fsr0l, fsr0h, fsr1l, fsr1h, status,2, status,0, pclath
 Tracked objects:
		On entry : 
		On exit  : 
		Unchanged: 
 Data sizes:     COMMON   BANK0   BANK1   BANK2
      Params:         2       0       0       0
      Locals:         1       0       0       0
      Temps:          3       0       0       0
      Totals:         6       0       0       0
Total ram usage:        6 bytes
 Hardware stack levels used:    1
 Hardware stack levels required when called:    1
 This function calls:
		Nothing
 This function is called by:
		_main
 This function uses a non-reentrant model


 *************** function __date_time_ConvertByteToDate *****************
 Defined at:
		line 87 in file "src/../../_Common/DateTime.h"
 Parameters:    Size  Location     Type
  dateTime        1    wreg     PTR struct .
		 -> NULL(0), dateCurrent(7), datePtr(1), dateTimer(7), 
  stinrg          1    2[COMMON] PTR unsigned char 
		 -> main@string(17), 
 Auto vars:     Size  Location     Type
  dateTime        1    6[COMMON] PTR struct .
		 -> NULL(0), dateCurrent(7), datePtr(1), dateTimer(7), 
 Return value:  Size  Location     Type
		None               void
 Registers used:
		wreg, fsr0l, fsr0h, fsr1l, fsr1h, status,2, status,0, pclath
 Tracked objects:
		On entry : 
		On exit  : 
		Unchanged: 
 Data sizes:     COMMON   BANK0   BANK1   BANK2
      Params:         1       0       0       0
      Locals:         1       0       0       0
      Temps:          3       0       0       0
      Totals:         5       0       0       0
Total ram usage:        5 bytes
 Hardware stack levels used:    1
 Hardware stack levels required when called:    1
 This function calls:
		Nothing
 This function is called by:
		_main
 This function uses a non-reentrant model


 *************** function _ParallelLCD_WriteStringClearing *****************
 Defined at:
		line 106 in file "src/../../_Common/ParallelLCD.h"
 Parameters:    Size  Location     Type
  position        1    wreg     enum E4101
  stringPtr       2    5[COMMON] PTR const unsigned char 
		 -> STR_19(17), STR_18(7), STR_17(8), STR_16(9), 
		 -> STR_15(12), STR_14(6), STR_13(7), STR_12(8), 
		 -> STR_11(8), STR_10(12), STR_9(10), STR_8(13), 
 Auto vars:     Size  Location     Type
  position        1    8[COMMON] enum E4101
  i               1    9[COMMON] unsigned char 
 Return value:  Size  Location     Type
		None               void
 Registers used:
		wreg, fsr0l, fsr0h, status,2, status,0, pclath, cstack
 Tracked objects:
		On entry : 
		On exit  : 
		Unchanged: 
 Data sizes:     COMMON   BANK0   BANK1   BANK2
      Params:         2       0       0       0
      Locals:         2       0       0       0
      Temps:          1       0       0       0
      Totals:         5       0       0       0
Total ram usage:        5 bytes
 Hardware stack levels used:    1
 Hardware stack levels required when called:    2
 This function calls:
		_ParallelLCD_WriteByte
 This function is called by:
		_main
 This function uses a non-reentrant model


 *************** function _ParallelLCD_WriteString *****************
 Defined at:
		line 97 in file "src/../../_Common/ParallelLCD.h"
 Parameters:    Size  Location     Type
  position        1    wreg     enum E4101
  stringPtr       1    5[COMMON] PTR const unsigned char 
		 -> main@string_880(4), main@valueString(4), main@string(17), 
 Auto vars:     Size  Location     Type
  position        1    7[COMMON] enum E4101
 Return value:  Size  Location     Type
		None               void
 Registers used:
		wreg, fsr1l, fsr1h, status,2, status,0, pclath, cstack
 Tracked objects:
		On entry : 
		On exit  : 
		Unchanged: 
 Data sizes:     COMMON   BANK0   BANK1   BANK2
      Params:         1       0       0       0
      Locals:         1       0       0       0
      Temps:          1       0       0       0
      Totals:         3       0       0       0
Total ram usage:        3 bytes
 Hardware stack levels used:    1
 Hardware stack levels required when called:    2
 This function calls:
		_ParallelLCD_WriteByte
 This function is called by:
		_main
 This function uses a non-reentrant model


 *************** function _ParallelLCD_WriteCharacter *****************
 Defined at:
		line 90 in file "src/../../_Common/ParallelLCD.h"
 Parameters:    Size  Location     Type
  position        1    wreg     enum E4101
  character       1    5[COMMON] unsigned char 
 Auto vars:     Size  Location     Type
  position        1    6[COMMON] enum E4101
 Return value:  Size  Location     Type
		None               void
 Registers used:
		wreg, status,2, status,0, pclath, cstack
 Tracked objects:
		On entry : 
		On exit  : 
		Unchanged: 
 Data sizes:     COMMON   BANK0   BANK1   BANK2
      Params:         1       0       0       0
      Locals:         1       0       0       0
      Temps:          0       0       0       0
      Totals:         2       0       0       0
Total ram usage:        2 bytes
 Hardware stack levels used:    1
 Hardware stack levels required when called:    2
 This function calls:
		_ParallelLCD_WriteByte
 This function is called by:
		_main
 This function uses a non-reentrant model


 *************** function _ParallelLCD_SetCgram *****************
 Defined at:
		line 143 in file "src/../../_Common/ParallelLCD.h"
 Parameters:    Size  Location     Type
  charCode        1    wreg     unsigned char 
  bitmap          2    5[COMMON] PTR const unsigned char 
		 -> CURSOR_BITMAP(8), 
 Auto vars:     Size  Location     Type
  charCode        1    8[COMMON] unsigned char 
  i               1    9[COMMON] unsigned char 
 Return value:  Size  Location     Type
		None               void
 Registers used:
		wreg, fsr0l, fsr0h, status,2, status,0, pclath, cstack
 Tracked objects:
		On entry : 
		On exit  : 
		Unchanged: 
 Data sizes:     COMMON   BANK0   BANK1   BANK2
      Params:         2       0       0       0
      Locals:         2       0       0       0
      Temps:          1       0       0       0
      Totals:         5       0       0       0
Total ram usage:        5 bytes
 Hardware stack levels used:    1
 Hardware stack levels required when called:    2
 This function calls:
		_ParallelLCD_WriteByte
 This function is called by:
		_main
 This function uses a non-reentrant model


 *************** function _ParallelLCD_Initialize *****************
 Defined at:
		line 76 in file "src/../../_Common/ParallelLCD.h"
 Parameters:    Size  Location     Type
  configFuncti    1    wreg     enum E4079
  configDispla    1    5[COMMON] enum E4085
  configCursor    1    6[COMMON] enum E4091
  configEntryM    1    7[COMMON] enum E4096
 Auto vars:     Size  Location     Type
  configFuncti    1    8[COMMON] enum E4079
 Return value:  Size  Location     Type
		None               void
 Registers used:
		wreg, status,2, status,0, pclath, cstack
 Tracked objects:
		On entry : 
		On exit  : 
		Unchanged: 
 Data sizes:     COMMON   BANK0   BANK1   BANK2
      Params:         3       0       0       0
      Locals:         1       0       0       0
      Temps:          0       0       0       0
      Totals:         4       0       0       0
Total ram usage:        4 bytes
 Hardware stack levels used:    1
 Hardware stack levels required when called:    2
 This function calls:
		_ParallelLCD_WriteByte
 This function is called by:
		_main
 This function uses a non-reentrant model


 *************** function _ParallelLCD_ClearRow *****************
 Defined at:
		line 127 in file "src/../../_Common/ParallelLCD.h"
 Parameters:    Size  Location     Type
  rowSelect       1    wreg     enum E4101
 Auto vars:     Size  Location     Type
  rowSelect       1    6[COMMON] enum E4101
  i               1    7[COMMON] unsigned char 
 Return value:  Size  Location     Type
		None               void
 Registers used:
		wreg, status,2, status,0, pclath, cstack
 Tracked objects:
		On entry : 
		On exit  : 
		Unchanged: 
 Data sizes:     COMMON   BANK0   BANK1   BANK2
      Params:         0       0       0       0
      Locals:         2       0       0       0
      Temps:          1       0       0       0
      Totals:         3       0       0       0
Total ram usage:        3 bytes
 Hardware stack levels used:    1
 Hardware stack levels required when called:    2
 This function calls:
		_ParallelLCD_WriteByte
 This function is called by:
		_main
		_ParallelLCD_ClearDisplay
 This function uses a non-reentrant model


 *************** function _ParallelLCD_ClearPartial *****************
 Defined at:
		line 135 in file "src/../../_Common/ParallelLCD.h"
 Parameters:    Size  Location     Type
  position        1    wreg     enum E4101
  length          1    5[COMMON] unsigned char 
 Auto vars:     Size  Location     Type
  position        1    7[COMMON] enum E4101
  i               1    8[COMMON] unsigned char 
 Return value:  Size  Location     Type
		None               void
 Registers used:
		wreg, status,2, status,0, pclath, cstack
 Tracked objects:
		On entry : 
		On exit  : 
		Unchanged: 
 Data sizes:     COMMON   BANK0   BANK1   BANK2
      Params:         1       0       0       0
      Locals:         2       0       0       0
      Temps:          1       0       0       0
      Totals:         4       0       0       0
Total ram usage:        4 bytes
 Hardware stack levels used:    1
 Hardware stack levels required when called:    2
 This function calls:
		_ParallelLCD_WriteByte
 This function is called by:
		_main
 This function uses a non-reentrant model


 *************** function _ParallelLCD_WriteByte *****************
 Defined at:
		line 164 in file "src/../../_Common/ParallelLCD.h"
 Parameters:    Size  Location     Type
  data            1    wreg     unsigned char 
  r               1    2[COMMON] enum E4074
 Auto vars:     Size  Location     Type
  data            1    4[COMMON] unsigned char 
 Return value:  Size  Location     Type
		None               void
 Registers used:
		wreg, status,2, status,0
 Tracked objects:
		On entry : 
		On exit  : 
		Unchanged: 
 Data sizes:     COMMON   BANK0   BANK1   BANK2
      Params:         1       0       0       0
      Locals:         1       0       0       0
      Temps:          1       0       0       0
      Totals:         3       0       0       0
Total ram usage:        3 bytes
 Hardware stack levels used:    1
 Hardware stack levels required when called:    1
 This function calls:
		Nothing
 This function is called by:
		_ParallelLCD_Initialize
		_ParallelLCD_WriteCharacter
		_ParallelLCD_WriteString
		_ParallelLCD_WriteStringClearing
		_ParallelLCD_ClearRow
		_ParallelLCD_ClearPartial
		_ParallelLCD_SetCgram
		_ParallelLCD_WriteHexNumber
 This function uses a non-reentrant model


 *************** function _DS1307_SetClock *****************
 Defined at:
		line 124 in file "src/../../_Common/DS1307.h"
 Parameters:    Size  Location     Type
  date            1    wreg     PTR struct .
		 -> dateCurrent(7), 
 Auto vars:     Size  Location     Type
  date            1    4[COMMON] PTR struct .
		 -> dateCurrent(7), 
  i               1    5[COMMON] unsigned char 
  datePtr         1    3[COMMON] PTR unsigned char 
		 -> dateCurrent(7), 
 Return value:  Size  Location     Type
                  1    wreg      unsigned char 
 Registers used:
		wreg, fsr1l, fsr1h, status,2, status,0
 Tracked objects:
		On entry : 
		On exit  : 
		Unchanged: 
 Data sizes:     COMMON   BANK0   BANK1   BANK2
      Params:         0       0       0       0
      Locals:         3       0       0       0
      Temps:          1       0       0       0
      Totals:         4       0       0       0
Total ram usage:        4 bytes
 Hardware stack levels used:    1
 Hardware stack levels required when called:    1
 This function calls:
		Nothing
 This function is called by:
		_main
 This function uses a non-reentrant model


 *************** function _DS1307_GetData *****************
 Defined at:
		line 74 in file "src/../../_Common/DS1307.h"
 Parameters:    Size  Location     Type
  date            1    wreg     PTR struct .
		 -> dateCurrent(7), dateTimer(7), 
  ramAddress      1    2[COMMON] unsigned char 
  length          1    3[COMMON] unsigned char 
 Auto vars:     Size  Location     Type
  date            1    7[COMMON] PTR struct .
		 -> dateCurrent(7), dateTimer(7), 
  dataCount       1    8[COMMON] unsigned char 
  datePtr         1    6[COMMON] PTR unsigned char 
		 -> dateCurrent(7), dateTimer(7), 
 Return value:  Size  Location     Type
                  1    wreg      unsigned char 
 Registers used:
		wreg, fsr1l, fsr1h, status,2, status,0
 Tracked objects:
		On entry : 
		On exit  : 
		Unchanged: 
 Data sizes:     COMMON   BANK0   BANK1   BANK2
      Params:         2       0       0       0
      Locals:         3       0       0       0
      Temps:          2       0       0       0
      Totals:         7       0       0       0
Total ram usage:        7 bytes
 Hardware stack levels used:    1
 Hardware stack levels required when called:    1
 This function calls:
		Nothing
 This function is called by:
		_main
 This function uses a non-reentrant model


 *************** function __ *****************
 Defined at:
		line 678 in file "src/main.c"
 Parameters:    Size  Location     Type
		None
 Auto vars:     Size  Location     Type
		None
 Return value:  Size  Location     Type
		None               void
 Registers used:
		wreg, status,2, status,0
 Tracked objects:
		On entry : 
		On exit  : 
		Unchanged: 
 Data sizes:     COMMON   BANK0   BANK1   BANK2
      Params:         0       0       0       0
      Locals:         0       0       0       0
      Temps:          2       0       0       0
      Totals:         2       0       0       0
Total ram usage:        2 bytes
 Hardware stack levels used:    1
 This function calls:
		Nothing
 This function is called by:
		Interrupt level 1
 This function uses a non-reentrant model



MODULE INFORMATION

Module		Function		Class		Link	Load	Size
src/pic16f1508_init.h
		_initialize    		CODE           	07B6	0000	66

src/pic16f1508_init.h estimated size: 66

src/../../_Common/DS1307.h
		_DS1307_SetCloc		CODE           	0F65	0000	62
		_DS1307_GetData		CODE           	0FA2	0000	95

src/../../_Common/DS1307.h estimated size: 157

src/main.c
		__             		CODE           	0004	0000	78
		_main          		CODE           	0077	0000	1003

src/main.c estimated size: 1081

shared
		_PARALLEL_LCD_R		STRCODE        	0713	0000	3
		main@COMPARE_UN		STRCODE        	0710	0000	4
		_VALUE_INFORMAT		STRCODE        	0715	0000	29
		_HEX_TABLE     		STRCODE        	0700	0000	17
		__initializatio		CODE           	0053	0000	34
		_CURSOR_BITMAP 		STRCODE        	0731	0000	9

shared estimated size: 96

src/../../_Common/DateTime.h
		__date_time_Con		CODE           	0581	0000	239
		__date_time_Con		CODE           	066F	0000	117
		__date_time_Con		CODE           	0461	0000	289

src/../../_Common/DateTime.h estimated size: 645

src/../../_Common/ParallelLCD.h
		_ParallelLCD_Wr		CODE           	0EF2	0000	27
		_ParallelLCD_Wr		CODE           	0E8C	0000	13
		_ParallelLCD_Cl		CODE           	0E98	0000	23
		_ParallelLCD_In		CODE           	06E3	0000	30
		_ParallelLCD_Se		CODE           	0F0C	0000	40
		_ParallelLCD_Cl		CODE           	0EDB	0000	24
		_ParallelLCD_Wr		CODE           	0F33	0000	51
		_ParallelLCD_Wr		CODE           	0EC4	0000	24

src/../../_Common/ParallelLCD.h estimated size: 232

