Microchip MPLAB XC8 Compiler V1.34 ()

Linker command line:

--edf=/Applications/microchip/xc8/v1.34/dat/en_msgs.txt -cs \
  -h+dist/default/production/Voltmeter.X.production.sym \
  --cmf=dist/default/production/Voltmeter.X.production.cmf -z -Q12F1822 \
  -o/tmp/cgtJ0dUP0 -Mdist/default/production/Voltmeter.X.production.map -E1 \
  -ver=XC8 -ASTACK=0203Ah-0204fh -pstack=STACK -ACODE=00h-07FFh \
  -ASTRCODE=00h-07FFh -ASTRING=00h-0FFhx8 -ACONST=00h-0FFhx8 \
  -AENTRY=00h-0FFhx8 -ACOMMON=070h-07Fh -ABANK0=020h-06Fh -ABANK1=0A0h-0BFh \
  -ABIGRAM=02000h-0206Fh -ARAM=020h-06Fh,0A0h-0BFh \
  -AABS1=020h-07Fh,0A0h-0BFh -ASFR0=00h-01Fh -ASFR1=080h-09Fh \
  -ASFR2=0100h-016Fh -ASFR3=0180h-01EFh -ASFR4=0200h-026Fh \
  -ASFR5=0280h-02EFh -ASFR6=0300h-036Fh -ASFR7=0380h-03EFh \
  -ASFR8=0400h-046Fh -ASFR9=0480h-04EFh -ASFR10=0500h-056Fh \
  -ASFR11=0580h-05EFh -ASFR12=0600h-066Fh -ASFR13=0680h-06EFh \
  -ASFR14=0700h-076Fh -ASFR15=0780h-07EFh -ASFR16=0800h-086Fh \
  -ASFR17=0880h-08EFh -ASFR18=0900h-096Fh -ASFR19=0980h-09EFh \
  -ASFR20=0A00h-0A6Fh -ASFR21=0A80h-0AEFh -ASFR22=0B00h-0B6Fh \
  -ASFR23=0B80h-0BEFh -ASFR24=0C00h-0C6Fh -ASFR25=0C80h-0CEFh \
  -ASFR26=0D00h-0D6Fh -ASFR27=0D80h-0DEFh -ASFR28=0E00h-0E6Fh \
  -ASFR29=0E80h-0EEFh -ASFR30=0F00h-0F6Fh -ASFR31=0F80h-0FEFh \
  -preset_vec=00h,intentry=04h,init,end_init -ppowerup=CODE -pcinit=CODE \
  -pfunctab=CODE -ACONFIG=08007h-08008h -pconfig=CONFIG -DCONFIG=2 \
  -AIDLOC=08000h-08003h -pidloc=IDLOC -DIDLOC=2 -AEEDATA=00h-0FFh/0F000h \
  -peeprom_data=EEDATA -DEEDATA=2 -DCODE=2 -DSTRCODE=2 -DSTRING=2 -DCONST=2 \
  -DENTRY=2 -k /tmp/cgtLYZLBn.obj \
  dist/default/production/Voltmeter.X.production.obj 

Object code version is 3.11

Machine type is 12F1822



                Name                               Link     Load   Length Selector   Space Scale
/tmp/cgtLYZLBn.obj
                end_init                             92       92        1        8       0
                reset_vec                             0        0        1        0       0
                config                             8007     8007        2    1000E       0
dist/default/production/Voltmeter.X.production.obj
                cinit                                93       93       1C        8       0
                intentry                              4        4       8E        8       0
                text12                              55D      55D       27      8E4       0
                text11                              5DF      5DF       1B      8E4       0
                text10                              4C3      4C3       3C      8E4       0
                text9                               621      621       10      8E4       0
                text8                               5A4      5A4       1F      8E4       0
                text7                               4FF      4FF       37      8E4       0
                text6                               611      611       10      8E4       0
                text5                               584      584       20      8E4       0
                text4                               5FA      5FA       17      8E4       0
                text3                               536      536       27      8E4       0
                text2                               5C3      5C3       1C      8E4       0
                text1                               472      472       51      8E4       0
                maintext                             AF       AF      309        8       0
                cstackBANK0                          20       20       20       20       1
                cstackCOMMON                         70       70        5       70       1
                inittext                            644      644        6      8E4       0
                clrtext                             63E      63E        6      8E4       0
                bssBANK1                             A0       A0       20       A0       1
                dataBANK0                            4D       4D        D       20       1
                bssBANK0                             40       40        D       20       1
                bssCOMMON                            75       75        4       70       1
                stringtext                          400      400       72        8       0
                idataBANK0                          631      631        D      8E4       0

TOTAL           Name                               Link     Load   Length     Space
        CLASS   STACK          

        CLASS   CODE           
                end_init                             92       92        1         0
                cinit                                93       93       1C         0
                intentry                              4        4       8E         0
                reset_vec                             0        0        1         0
                text12                              55D      55D       27         0
                text11                              5DF      5DF       1B         0
                text10                              4C3      4C3       3C         0
                text9                               621      621       10         0
                text8                               5A4      5A4       1F         0
                text7                               4FF      4FF       37         0
                text6                               611      611       10         0
                text5                               584      584       20         0
                text4                               5FA      5FA       17         0
                text3                               536      536       27         0
                text2                               5C3      5C3       1C         0
                text1                               472      472       51         0
                maintext                             AF       AF      309         0
                inittext                            644      644        6         0
                clrtext                             63E      63E        6         0
                idataBANK0                          631      631        D         0

        CLASS   STRCODE        
                stringtext                          400      400       72         0

        CLASS   STRING         

        CLASS   CONST          

        CLASS   ENTRY          

        CLASS   COMMON         
                cstackCOMMON                         70       70        5         1
                bssCOMMON                            75       75        4         1

        CLASS   BANK0          
                cstackBANK0                          20       20       20         1
                dataBANK0                            4D       4D        D         1
                bssBANK0                             40       40        D         1

        CLASS   BANK1          
                bssBANK1                             A0       A0       20         1

        CLASS   BIGRAM         

        CLASS   RAM            

        CLASS   ABS1           
                abs_s1                               7E       7E        2         1

        CLASS   SFR0           

        CLASS   SFR1           

        CLASS   SFR2           

        CLASS   SFR3           

        CLASS   SFR4           

        CLASS   SFR5           

        CLASS   SFR6           

        CLASS   SFR7           

        CLASS   SFR8           

        CLASS   SFR9           

        CLASS   SFR10          

        CLASS   SFR11          

        CLASS   SFR12          

        CLASS   SFR13          

        CLASS   SFR14          

        CLASS   SFR15          

        CLASS   SFR16          

        CLASS   SFR17          

        CLASS   SFR18          

        CLASS   SFR19          

        CLASS   SFR20          

        CLASS   SFR21          

        CLASS   SFR22          

        CLASS   SFR23          

        CLASS   SFR24          

        CLASS   SFR25          

        CLASS   SFR26          

        CLASS   SFR27          

        CLASS   SFR28          

        CLASS   SFR29          

        CLASS   SFR30          

        CLASS   SFR31          

        CLASS   CONFIG         
                config                             8007     8007        2         0

        CLASS   IDLOC          

        CLASS   EEDATA         

        CLASS   BANK31         

        CLASS   BANK30         

        CLASS   BANK29         

        CLASS   BANK28         

        CLASS   BANK27         

        CLASS   BANK26         

        CLASS   BANK25         

        CLASS   BANK24         

        CLASS   BANK23         

        CLASS   BANK22         

        CLASS   BANK21         

        CLASS   BANK20         

        CLASS   BANK19         

        CLASS   BANK18         

        CLASS   BANK17         

        CLASS   BANK16         

        CLASS   BANK15         

        CLASS   BANK14         

        CLASS   BANK13         

        CLASS   BANK12         

        CLASS   BANK11         

        CLASS   BANK10         

        CLASS   BANK9          

        CLASS   BANK8          

        CLASS   BANK7          

        CLASS   BANK6          

        CLASS   BANK5          

        CLASS   BANK4          

        CLASS   BANK3          

        CLASS   BANK2          



SEGMENTS        Name                           Load    Length   Top    Selector   Space  Class     Delta

                reset_vec                      000000  000001  000001         0       0  CODE        2
                intentry                       000004  0003B4  0003B8         8       0  CODE        2
                cstackBANK0                    000020  00003A  00005A        20       1  BANK0       1
                cstackCOMMON                   000070  000009  000079        70       1  COMMON      1
                bssBANK1                       0000A0  000020  0000C0        A0       1  BANK1       1
                stringtext                     000400  000072  000472         8       0  STRCODE     2
                text1                          000472  0001D8  00064A       8E4       0  CODE        2
                config                         008007  000002  008009     1000E       0  CONFIG      2


UNUSED ADDRESS RANGES

        Name                Unused          Largest block    Delta
        BANK0            0005A-0006F              16           1
        BIGRAM           02000-0206F              70           1
        CODE             00001-00003               3           2
                         003B8-003FF              48
                         0064A-007FF             1B6
        COMMON           00079-0007D               5           1
        CONST            00001-00003               3           2
                         003B8-003FF              48
                         0064A-007FF              B6
        EEDATA           0F000-0F0FF             100           2
        ENTRY            00001-00003               3           2
                         003B8-003FF              48
                         0064A-007FF              B6
        IDLOC            08000-08003               4           2
        RAM              0005A-0006F              16           1
        SFR0             00000-0001F              20           1
        SFR1             00080-0009F              20           1
        SFR10            00500-0056F              70           1
        SFR11            00580-005EF              70           1
        SFR12            00600-0066F              70           1
        SFR13            00680-006EF              70           1
        SFR14            00700-0076F              70           1
        SFR15            00780-007EF              70           1
        SFR16            00800-0086F              70           1
        SFR17            00880-008EF              70           1
        SFR18            00900-0096F              70           1
        SFR19            00980-009EF              70           1
        SFR2             00100-0016F              70           1
        SFR20            00A00-00A6F              70           1
        SFR21            00A80-00AEF              70           1
        SFR22            00B00-00B6F              70           1
        SFR23            00B80-00BEF              70           1
        SFR24            00C00-00C6F              70           1
        SFR25            00C80-00CEF              70           1
        SFR26            00D00-00D6F              70           1
        SFR27            00D80-00DEF              70           1
        SFR28            00E00-00E6F              70           1
        SFR29            00E80-00EEF              70           1
        SFR3             00180-001EF              70           1
        SFR30            00F00-00F6F              70           1
        SFR31            00F80-00FEF              70           1
        SFR4             00200-0026F              70           1
        SFR5             00280-002EF              70           1
        SFR6             00300-0036F              70           1
        SFR7             00380-003EF              70           1
        SFR8             00400-0046F              70           1
        SFR9             00480-004EF              70           1
        STACK            0203A-0204F              16           1
        STRCODE          00001-00003               3           2
                         003B8-003FF              48
                         0064A-007FF             1B6
        STRING           00001-00003               3           2
                         003B8-003FF              48
                         0064A-007FF              B6

                                  Symbol Table

?___wmul                             cstackBANK0  00020
AQM0802_ClearRow@count               cstackBANK0  00024
AQM0802_ClearRow@rowSelect           cstackBANK0  00023
AQM0802_SendCharacter@character      cstackBANK0  00022
AQM0802_SendCharacter@position       cstackBANK0  00024
AQM0802_SendData@controlByte         cstackBANK0  00021
AQM0802_SendData@dataByte            cstackBANK0  00020
AQM0802_SendString@position          cstackBANK0  00024
AQM0802_SendString@stringPtr         cstackBANK0  00022
AQM0802_SendStringClearing@col       cstackBANK0  00027
AQM0802_SendStringClearing@position  cstackBANK0  00026
AQM0802_SendStringClearing@stringPtr cstackBANK0  00022
Configuration_Load@config            cstackBANK0  00024
Configuration_Load@i                 cstackBANK0  00025
Configuration_Load@ptrConfig         cstackBANK0  00023
Configuration_ReadByte@address       cstackBANK0  00020
Configuration_Save@config            cstackBANK0  00025
Configuration_Save@i                 cstackBANK0  00026
Configuration_Save@ptrConfig         cstackBANK0  00024
Configuration_WriteByte@address      cstackBANK0  00021
Configuration_WriteByte@data         cstackBANK0  00020
_ADCON0bits                          (abs)        0009D
_ADCON1bits                          (abs)        0009E
_ADRESH                              (abs)        0009C
_ADRESL                              (abs)        0009B
_ANSELA                              (abs)        0018C
_AQM0802_ClearRow                    text11       005DF
_AQM0802_Initialize                  text10       004C3
_AQM0802_SendCharacter               text9        00621
_AQM0802_SendData                    text12       0055D
_AQM0802_SendString                  text8        005A4
_AQM0802_SendStringClearing          text7        004FF
_Configuration_Load                  text5        00584
_Configuration_ReadByte              text6        00611
_Configuration_Save                  text3        00536
_Configuration_WriteByte             text4        005FA
_EEADRH                              (abs)        00192
_EEADRL                              (abs)        00191
_EECON1bits                          (abs)        00195
_EECON2                              (abs)        00196
_EEDATH                              (abs)        00194
_EEDATL                              (abs)        00193
_FVRCONbits                          (abs)        00117
_INTCONbits                          (abs)        0000B
_IOCAFbits                           (abs)        00393
_IOCANbits                           (abs)        00392
_MESSAGE                             stringtext   00400
_MESSAGE_MENU                        dataBANK0    0004D
_OPTION_REGbits                      (abs)        00095
_OSCCONbits                          (abs)        00099
_PIE1bits                            (abs)        00091
_PIR1bits                            (abs)        00011
_PIR2bits                            (abs)        00012
_PORTA                               (abs)        0000C
_PR2                                 (abs)        0001B
_ROW_SELECT                          stringtext   0041D
_SSP1ADD                             (abs)        00212
_SSP1BUF                             (abs)        00211
_SSP1CON1bits                        (abs)        00215
_SSP1CON2bits                        (abs)        00216
_SSPSTAT                             (abs)        00214
_T1CONbits                           (abs)        00018
_T2CONbits                           (abs)        0001C
_TMR0                                (abs)        00015
_TMR0IE                              (abs)        0005D
_TMR0IF                              (abs)        0005A
_TMR2                                (abs)        0001A
_TRISA                               (abs)        0008C
_WDTCONbits                          (abs)        00097
__                                   intentry     00004
__@adValue                           cstackCOMMON 00073
__@bufferPostiion                    bssCOMMON    00077
__@interruptCount                    bssCOMMON    00078
__CFG_BOREN$ON                       (abs)        00000
__CFG_BORV$LO                        (abs)        00000
__CFG_CLKOUTEN$OFF                   (abs)        00000
__CFG_CP$OFF                         (abs)        00000
__CFG_CPD$OFF                        (abs)        00000
__CFG_FCMEN$ON                       (abs)        00000
__CFG_FOSC$INTOSC                    (abs)        00000
__CFG_IESO$ON                        (abs)        00000
__CFG_LVP$OFF                        (abs)        00000
__CFG_MCLRE$OFF                      (abs)        00000
__CFG_PLLEN$OFF                      (abs)        00000
__CFG_PWRTE$ON                       (abs)        00000
__CFG_STVREN$ON                      (abs)        00000
__CFG_WDTE$SWDTEN                    (abs)        00000
__CFG_WRT$OFF                        (abs)        00000
__Habs1                              abs1         00000
__Hbank0                             bank0        00000
__Hbank1                             bank1        00000
__Hbank10                            bank10       00000
__Hbank11                            bank11       00000
__Hbank12                            bank12       00000
__Hbank13                            bank13       00000
__Hbank14                            bank14       00000
__Hbank15                            bank15       00000
__Hbank16                            bank16       00000
__Hbank17                            bank17       00000
__Hbank18                            bank18       00000
__Hbank19                            bank19       00000
__Hbank2                             bank2        00000
__Hbank20                            bank20       00000
__Hbank21                            bank21       00000
__Hbank22                            bank22       00000
__Hbank23                            bank23       00000
__Hbank24                            bank24       00000
__Hbank25                            bank25       00000
__Hbank26                            bank26       00000
__Hbank27                            bank27       00000
__Hbank28                            bank28       00000
__Hbank29                            bank29       00000
__Hbank3                             bank3        00000
__Hbank30                            bank30       00000
__Hbank31                            bank31       00000
__Hbank4                             bank4        00000
__Hbank5                             bank5        00000
__Hbank6                             bank6        00000
__Hbank7                             bank7        00000
__Hbank8                             bank8        00000
__Hbank9                             bank9        00000
__Hbigram                            bigram       00000
__HbssBANK0                          bssBANK0     00000
__HbssBANK1                          bssBANK1     00000
__HbssCOMMON                         bssCOMMON    00000
__Hcinit                             cinit        000AF
__Hclrtext                           clrtext      00000
__Hcode                              code         00000
__Hcommon                            common       00000
__Hconfig                            config       08009
__HcstackBANK0                       cstackBANK0  00000
__HcstackCOMMON                      cstackCOMMON 00000
__HdataBANK0                         dataBANK0    00000
__Heeprom_data                       eeprom_data  00000
__Hend_init                          end_init     00093
__Hfunctab                           functab      00000
__HidataBANK0                        idataBANK0   00000
__Hidloc                             idloc        00000
__Hinit                              init         00092
__Hinittext                          inittext     00000
__Hintentry                          intentry     00092
__Hmaintext                          maintext     00000
__Hpowerup                           powerup      00000
__Hram                               ram          00000
__Hreset_vec                         reset_vec    00001
__Hsfr0                              sfr0         00000
__Hsfr1                              sfr1         00000
__Hsfr10                             sfr10        00000
__Hsfr11                             sfr11        00000
__Hsfr12                             sfr12        00000
__Hsfr13                             sfr13        00000
__Hsfr14                             sfr14        00000
__Hsfr15                             sfr15        00000
__Hsfr16                             sfr16        00000
__Hsfr17                             sfr17        00000
__Hsfr18                             sfr18        00000
__Hsfr19                             sfr19        00000
__Hsfr2                              sfr2         00000
__Hsfr20                             sfr20        00000
__Hsfr21                             sfr21        00000
__Hsfr22                             sfr22        00000
__Hsfr23                             sfr23        00000
__Hsfr24                             sfr24        00000
__Hsfr25                             sfr25        00000
__Hsfr26                             sfr26        00000
__Hsfr27                             sfr27        00000
__Hsfr28                             sfr28        00000
__Hsfr29                             sfr29        00000
__Hsfr3                              sfr3         00000
__Hsfr30                             sfr30        00000
__Hsfr31                             sfr31        00000
__Hsfr4                              sfr4         00000
__Hsfr5                              sfr5         00000
__Hsfr6                              sfr6         00000
__Hsfr7                              sfr7         00000
__Hsfr8                              sfr8         00000
__Hsfr9                              sfr9         00000
__Hspace_0                           (abs)        08009
__Hspace_1                           (abs)        000C0
__Hspace_2                           (abs)        00000
__Hspace_3                           (abs)        00000
__Hstack                             stack        00000
__Hstrings                           strings      00000
__Hstringtext                        stringtext   00000
__Htext                              text         00000
__Labs1                              abs1         00000
__Lbank0                             bank0        00000
__Lbank1                             bank1        00000
__Lbank10                            bank10       00000
__Lbank11                            bank11       00000
__Lbank12                            bank12       00000
__Lbank13                            bank13       00000
__Lbank14                            bank14       00000
__Lbank15                            bank15       00000
__Lbank16                            bank16       00000
__Lbank17                            bank17       00000
__Lbank18                            bank18       00000
__Lbank19                            bank19       00000
__Lbank2                             bank2        00000
__Lbank20                            bank20       00000
__Lbank21                            bank21       00000
__Lbank22                            bank22       00000
__Lbank23                            bank23       00000
__Lbank24                            bank24       00000
__Lbank25                            bank25       00000
__Lbank26                            bank26       00000
__Lbank27                            bank27       00000
__Lbank28                            bank28       00000
__Lbank29                            bank29       00000
__Lbank3                             bank3        00000
__Lbank30                            bank30       00000
__Lbank31                            bank31       00000
__Lbank4                             bank4        00000
__Lbank5                             bank5        00000
__Lbank6                             bank6        00000
__Lbank7                             bank7        00000
__Lbank8                             bank8        00000
__Lbank9                             bank9        00000
__Lbigram                            bigram       00000
__LbssBANK0                          bssBANK0     00000
__LbssBANK1                          bssBANK1     00000
__LbssCOMMON                         bssCOMMON    00000
__Lcinit                             cinit        00093
__Lclrtext                           clrtext      00000
__Lcode                              code         00000
__Lcommon                            common       00000
__Lconfig                            config       08007
__LcstackBANK0                       cstackBANK0  00000
__LcstackCOMMON                      cstackCOMMON 00000
__LdataBANK0                         dataBANK0    00000
__Leeprom_data                       eeprom_data  00000
__Lend_init                          end_init     00092
__Lfunctab                           functab      00000
__LidataBANK0                        idataBANK0   00000
__Lidloc                             idloc        00000
__Linit                              init         00092
__Linittext                          inittext     00000
__Lintentry                          intentry     00004
__Lmaintext                          maintext     00000
__Lpowerup                           powerup      00000
__Lram                               ram          00000
__Lreset_vec                         reset_vec    00000
__Lsfr0                              sfr0         00000
__Lsfr1                              sfr1         00000
__Lsfr10                             sfr10        00000
__Lsfr11                             sfr11        00000
__Lsfr12                             sfr12        00000
__Lsfr13                             sfr13        00000
__Lsfr14                             sfr14        00000
__Lsfr15                             sfr15        00000
__Lsfr16                             sfr16        00000
__Lsfr17                             sfr17        00000
__Lsfr18                             sfr18        00000
__Lsfr19                             sfr19        00000
__Lsfr2                              sfr2         00000
__Lsfr20                             sfr20        00000
__Lsfr21                             sfr21        00000
__Lsfr22                             sfr22        00000
__Lsfr23                             sfr23        00000
__Lsfr24                             sfr24        00000
__Lsfr25                             sfr25        00000
__Lsfr26                             sfr26        00000
__Lsfr27                             sfr27        00000
__Lsfr28                             sfr28        00000
__Lsfr29                             sfr29        00000
__Lsfr3                              sfr3         00000
__Lsfr30                             sfr30        00000
__Lsfr31                             sfr31        00000
__Lsfr4                              sfr4         00000
__Lsfr5                              sfr5         00000
__Lsfr6                              sfr6         00000
__Lsfr7                              sfr7         00000
__Lsfr8                              sfr8         00000
__Lsfr9                              sfr9         00000
__Lspace_0                           (abs)        00000
__Lspace_1                           (abs)        00000
__Lspace_2                           (abs)        00000
__Lspace_3                           (abs)        00000
__Lstack                             stack        00000
__Lstrings                           strings      00000
__Lstringtext                        stringtext   00000
__Ltext                              text         00000
__S0                                 (abs)        08009
__S1                                 (abs)        000C0
__S2                                 (abs)        00000
__S3                                 (abs)        00000
___int_sp                            stack        00000
___latbits                           (abs)        00000
___sp                                stack        00000
___wmul                              text2        005C3
___wmul@multiplicand                 cstackBANK0  00022
___wmul@multiplier                   cstackBANK0  00020
___wmul@product                      cstackBANK0  00024
__end_of_AQM0802_ClearRow            text11       005FA
__end_of_AQM0802_Initialize          text10       004FF
__end_of_AQM0802_SendCharacter       text9        00631
__end_of_AQM0802_SendData            text12       00584
__end_of_AQM0802_SendString          text8        005C3
__end_of_AQM0802_SendStringClearing  text7        00536
__end_of_Configuration_Load          text5        005A4
__end_of_Configuration_ReadByte      text6        00621
__end_of_Configuration_Save          text3        0055D
__end_of_Configuration_WriteByte     text4        00611
__end_of_MESSAGE                     stringtext   00410
__end_of_ROW_SELECT                  stringtext   0041F
__end_of__                           intentry     00092
__end_of___wmul                      text2        005DF
__end_of__initialization             cinit        000AD
__end_of_initialize                  text1        004C3
__end_of_main                        maintext     003B8
__end_ofmain@COMPARE_UNITS           stringtext   0041A
__end_ofmain@OMPARE_UNITS_877        stringtext   0041D
__initialization                     cinit        00093
__pbssBANK0                          bssBANK0     00040
__pbssBANK1                          bssBANK1     000A0
__pbssCOMMON                         bssCOMMON    00075
__pcstackBANK0                       cstackBANK0  00020
__pcstackCOMMON                      cstackCOMMON 00070
__pdataBANK0                         dataBANK0    0004D
__pidataBANK0                        idataBANK0   00631
__pintentry                          intentry     00004
__pmaintext                          maintext     000AF
__pstringtext                        stringtext   00400
__ptext1                             text1        00472
__ptext10                            text10       004C3
__ptext11                            text11       005DF
__ptext12                            text12       0055D
__ptext2                             text2        005C3
__ptext3                             text3        00536
__ptext4                             text4        005FA
__ptext5                             text5        00584
__ptext6                             text6        00611
__ptext7                             text7        004FF
__ptext8                             text8        005A4
__ptext9                             text9        00621
__size_of_AQM0802_ClearRow           (abs)        00000
__size_of_AQM0802_Initialize         (abs)        00000
__size_of_AQM0802_SendCharacter      (abs)        00000
__size_of_AQM0802_SendData           (abs)        00000
__size_of_AQM0802_SendString         (abs)        00000
__size_of_AQM0802_SendStringClearing (abs)        00000
__size_of_Configuration_Load         (abs)        00000
__size_of_Configuration_ReadByte     (abs)        00000
__size_of_Configuration_Save         (abs)        00000
__size_of_Configuration_WriteByte    (abs)        00000
__size_of__                          (abs)        00000
__size_of___wmul                     (abs)        00000
__size_of_initialize                 (abs)        00000
__size_of_main                       (abs)        00000
_adBuffer_                           bssBANK1     000A0
_configuration_                      dataBANK0    00059
_currentMessage_                     bssBANK0     00040
_events_                             bssBANK0     00042
_initialize                          text1        00472
_keyCount_                           bssCOMMON    00075
_machineState_                       bssBANK0     00048
_main                                maintext     000AF
_measureMode_                        bssBANK0     00049
_menuState_                          bssBANK0     0004A
_portAState_                         bssBANK0     0004B
_sleepTimer_                         bssBANK0     00044
_sumOfBuffer_                        bssBANK0     00046
btemp                                (abs)        0007E
clear_ram0                           clrtext      0063E
end_of_initialization                cinit        000AD
init_ram                             inittext     00644
intlevel0                            functab      00000
intlevel1                            functab      00000
intlevel2                            functab      00000
intlevel3                            functab      00000
intlevel4                            functab      00000
intlevel5                            functab      00000
ltemp                                (abs)        0007E
ltemp0                               (abs)        0007E
ltemp1                               (abs)        00082
ltemp2                               (abs)        00086
ltemp3                               (abs)        00080
main@COMPARE_UNITS                   stringtext   00410
main@OMPARE_UNITS_877                stringtext   0041A
main@barImage                        cstackBANK0  0002F
main@compareUnit                     cstackBANK0  0002C
main@compareUnit_880                 cstackBANK0  0002E
main@currentAdValue                  cstackBANK0  0003B
main@i                               cstackBANK0  0003A
main@i_872                           cstackBANK0  0003D
main@i_875                           cstackBANK0  0003E
main@i_879                           cstackBANK0  0003F
main@isNonZero                       cstackBANK0  0002B
main@keyPressed                      cstackBANK0  00039
main@prevPortAState                  bssBANK0     0004C
main@string                          cstackBANK0  00030
main@tmpValue                        cstackBANK0  0002A
reset_vec                            reset_vec    00000
stackhi                              (abs)        0204F
stacklo                              (abs)        0203A
start                                init         00092
start_initialization                 cinit        00093
ttemp                                (abs)        0007E
ttemp0                               (abs)        0007E
ttemp1                               (abs)        00081
ttemp2                               (abs)        00084
ttemp3                               (abs)        00087
ttemp4                               (abs)        0007F
wtemp                                (abs)        0007E
wtemp0                               (abs)        0007E
wtemp1                               (abs)        00080
wtemp2                               (abs)        00082
wtemp3                               (abs)        00084
wtemp4                               (abs)        00086
wtemp5                               (abs)        00088
wtemp6                               (abs)        0007F


FUNCTION INFORMATION:

 *************** function _main *****************
 Defined at:
		line 168 in file "src/main.c"
 Parameters:    Size  Location     Type
		None
 Auto vars:     Size  Location     Type
  compareUnit     2   12[BANK0 ] unsigned int 
  i               1   30[BANK0 ] unsigned char 
  i               1   29[BANK0 ] unsigned char 
  compareUnit     1   14[BANK0 ] unsigned char 
  i               1   31[BANK0 ] unsigned char 
  isNonZero       1   11[BANK0 ] enum E2190
  tmpValue        1   10[BANK0 ] unsigned char 
  currentAdVal    2   27[BANK0 ] unsigned int 
  string          9   16[BANK0 ] unsigned char [9]
  keyPressed      1   25[BANK0 ] struct .
  i               1   26[BANK0 ] unsigned char 
  barImage        1   15[BANK0 ] unsigned char 
 Return value:  Size  Location     Type
                  2  188[None  ] int 
 Registers used:
		wreg, fsr0l, fsr0h, fsr1l, fsr1h, status,2, status,0, pclath, cstack
 Tracked objects:
		On entry : 
		On exit  : 
		Unchanged: 
 Data sizes:     COMMON   BANK0   BANK1
      Params:         0       0       0
      Locals:         0      22       0
      Temps:          0       2       0
      Totals:         0      24       0
Total ram usage:       24 bytes
 Hardware stack levels required when called:    3
 This function calls:
		_AQM0802_ClearRow
		_AQM0802_Initialize
		_AQM0802_SendCharacter
		_AQM0802_SendData
		_AQM0802_SendString
		_AQM0802_SendStringClearing
		_Configuration_Load
		_Configuration_Save
		___wmul
		_initialize
 This function is called by:
		Startup code after reset
 This function uses a non-reentrant model


 *************** function _initialize *****************
 Defined at:
		line 25 in file "src/pic12f1822_init.h"
 Parameters:    Size  Location     Type
		None
 Auto vars:     Size  Location     Type
		None
 Return value:  Size  Location     Type
		None               void
 Registers used:
		wreg, status,2, status,0
 Tracked objects:
		On entry : 
		On exit  : 
		Unchanged: 
 Data sizes:     COMMON   BANK0   BANK1
      Params:         0       0       0
      Locals:         0       0       0
      Temps:          0       0       0
      Totals:         0       0       0
Total ram usage:        0 bytes
 Hardware stack levels used:    1
 Hardware stack levels required when called:    1
 This function calls:
		Nothing
 This function is called by:
		_main
 This function uses a non-reentrant model


 *************** function ___wmul *****************
 Defined at:
		line 15 in file "/Applications/microchip/xc8/v1.34/sources/common/Umul16.c"
 Parameters:    Size  Location     Type
  multiplier      2    0[BANK0 ] unsigned int 
  multiplicand    2    2[BANK0 ] unsigned int 
 Auto vars:     Size  Location     Type
  product         2    4[BANK0 ] unsigned int 
 Return value:  Size  Location     Type
                  2    0[BANK0 ] unsigned int 
 Registers used:
		wreg, status,2, status,0
 Tracked objects:
		On entry : 
		On exit  : 
		Unchanged: 
 Data sizes:     COMMON   BANK0   BANK1
      Params:         0       4       0
      Locals:         0       2       0
      Temps:          0       0       0
      Totals:         0       6       0
Total ram usage:        6 bytes
 Hardware stack levels used:    1
 Hardware stack levels required when called:    1
 This function calls:
		Nothing
 This function is called by:
		_main
 This function uses a non-reentrant model


 *************** function _Configuration_Save *****************
 Defined at:
		line 45 in file "src/configuration.h"
 Parameters:    Size  Location     Type
  config          1    wreg     PTR struct .
		 -> configuration_(1), 
 Auto vars:     Size  Location     Type
  config          1    5[BANK0 ] PTR struct .
		 -> configuration_(1), 
  i               1    6[BANK0 ] unsigned char 
  ptrConfig       1    4[BANK0 ] PTR unsigned char 
		 -> configuration_(1), 
 Return value:  Size  Location     Type
		None               void
 Registers used:
		wreg, fsr1l, fsr1h, status,2, status,0, pclath, cstack
 Tracked objects:
		On entry : 
		On exit  : 
		Unchanged: 
 Data sizes:     COMMON   BANK0   BANK1
      Params:         0       0       0
      Locals:         0       3       0
      Temps:          0       2       0
      Totals:         0       5       0
Total ram usage:        5 bytes
 Hardware stack levels used:    1
 Hardware stack levels required when called:    2
 This function calls:
		_Configuration_WriteByte
 This function is called by:
		_main
 This function uses a non-reentrant model


 *************** function _Configuration_WriteByte *****************
 Defined at:
		line 90 in file "src/configuration.h"
 Parameters:    Size  Location     Type
  address         1    wreg     unsigned char 
  data            1    0[BANK0 ] unsigned char 
 Auto vars:     Size  Location     Type
  address         1    1[BANK0 ] unsigned char 
 Return value:  Size  Location     Type
		None               void
 Registers used:
		wreg, status,2
 Tracked objects:
		On entry : 
		On exit  : 
		Unchanged: 
 Data sizes:     COMMON   BANK0   BANK1
      Params:         0       1       0
      Locals:         0       1       0
      Temps:          0       0       0
      Totals:         0       2       0
Total ram usage:        2 bytes
 Hardware stack levels used:    1
 Hardware stack levels required when called:    1
 This function calls:
		Nothing
 This function is called by:
		_Configuration_Save
 This function uses a non-reentrant model


 *************** function _Configuration_Load *****************
 Defined at:
		line 71 in file "src/configuration.h"
 Parameters:    Size  Location     Type
  config          1    wreg     PTR struct .
		 -> configuration_(1), 
 Auto vars:     Size  Location     Type
  config          1    4[BANK0 ] PTR struct .
		 -> configuration_(1), 
  i               1    5[BANK0 ] unsigned char 
  ptrConfig       1    3[BANK0 ] PTR unsigned char 
		 -> configuration_(1), 
 Return value:  Size  Location     Type
		None               void
 Registers used:
		wreg, fsr1l, fsr1h, status,2, status,0, pclath, cstack
 Tracked objects:
		On entry : 
		On exit  : 
		Unchanged: 
 Data sizes:     COMMON   BANK0   BANK1
      Params:         0       0       0
      Locals:         0       3       0
      Temps:          0       2       0
      Totals:         0       5       0
Total ram usage:        5 bytes
 Hardware stack levels used:    1
 Hardware stack levels required when called:    2
 This function calls:
		_Configuration_ReadByte
 This function is called by:
		_main
 This function uses a non-reentrant model


 *************** function _Configuration_ReadByte *****************
 Defined at:
		line 100 in file "src/configuration.h"
 Parameters:    Size  Location     Type
  address         1    wreg     unsigned char 
 Auto vars:     Size  Location     Type
  address         1    0[BANK0 ] unsigned char 
 Return value:  Size  Location     Type
                  1    wreg      unsigned char 
 Registers used:
		wreg, status,2
 Tracked objects:
		On entry : 
		On exit  : 
		Unchanged: 
 Data sizes:     COMMON   BANK0   BANK1
      Params:         0       0       0
      Locals:         0       1       0
      Temps:          0       0       0
      Totals:         0       1       0
Total ram usage:        1 bytes
 Hardware stack levels used:    1
 Hardware stack levels required when called:    1
 This function calls:
		Nothing
 This function is called by:
		_Configuration_Load
 This function uses a non-reentrant model


 *************** function _AQM0802_SendStringClearing *****************
 Defined at:
		line 72 in file "src/../../_Common/AQM0802.h"
 Parameters:    Size  Location     Type
  position        1    wreg     unsigned char 
  stringPtr       2    2[BANK0 ] PTR const unsigned char 
		 -> main@string(9), STR_15(9), STR_14(8), STR_13(6), 
		 -> STR_12(8), STR_11(4), STR_10(8), STR_9(8), 
		 -> ROM(2048), STR_8(6), STR_7(8), STR_6(9), 
		 -> STR_5(6), STR_4(8), STR_3(9), STR_2(8), 
		 -> STR_1(8), 
 Auto vars:     Size  Location     Type
  position        1    6[BANK0 ] unsigned char 
  col             1    7[BANK0 ] unsigned char 
 Return value:  Size  Location     Type
                  1    wreg      unsigned char 
 Registers used:
		wreg, fsr0l, fsr0h, status,2, status,0, pclath, cstack
 Tracked objects:
		On entry : 
		On exit  : 
		Unchanged: 
 Data sizes:     COMMON   BANK0   BANK1
      Params:         0       2       0
      Locals:         0       2       0
      Temps:          0       2       0
      Totals:         0       6       0
Total ram usage:        6 bytes
 Hardware stack levels used:    1
 Hardware stack levels required when called:    2
 This function calls:
		_AQM0802_SendData
 This function is called by:
		_main
 This function uses a non-reentrant model


 *************** function _AQM0802_SendString *****************
 Defined at:
		line 41 in file "src/../../_Common/AQM0802.h"
 Parameters:    Size  Location     Type
  position        1    wreg     unsigned char 
  stringPtr       1    2[BANK0 ] PTR const unsigned char 
		 -> main@string(9), 
 Auto vars:     Size  Location     Type
  position        1    4[BANK0 ] unsigned char 
 Return value:  Size  Location     Type
                  1    wreg      unsigned char 
 Registers used:
		wreg, fsr1l, fsr1h, status,2, status,0, pclath, cstack
 Tracked objects:
		On entry : 
		On exit  : 
		Unchanged: 
 Data sizes:     COMMON   BANK0   BANK1
      Params:         0       1       0
      Locals:         0       1       0
      Temps:          0       1       0
      Totals:         0       3       0
Total ram usage:        3 bytes
 Hardware stack levels used:    1
 Hardware stack levels required when called:    2
 This function calls:
		_AQM0802_SendData
 This function is called by:
		_main
 This function uses a non-reentrant model


 *************** function _AQM0802_SendCharacter *****************
 Defined at:
		line 115 in file "src/../../_Common/AQM0802.h"
 Parameters:    Size  Location     Type
  position        1    wreg     unsigned char 
  character       1    2[BANK0 ] unsigned char 
 Auto vars:     Size  Location     Type
  position        1    4[BANK0 ] unsigned char 
 Return value:  Size  Location     Type
                  1    wreg      unsigned char 
 Registers used:
		wreg, status,2, status,0, pclath, cstack
 Tracked objects:
		On entry : 
		On exit  : 
		Unchanged: 
 Data sizes:     COMMON   BANK0   BANK1
      Params:         0       1       0
      Locals:         0       1       0
      Temps:          0       1       0
      Totals:         0       3       0
Total ram usage:        3 bytes
 Hardware stack levels used:    1
 Hardware stack levels required when called:    2
 This function calls:
		_AQM0802_SendData
 This function is called by:
		_main
 This function uses a non-reentrant model


 *************** function _AQM0802_Initialize *****************
 Defined at:
		line 163 in file "src/../../_Common/AQM0802.h"
 Parameters:    Size  Location     Type
		None
 Auto vars:     Size  Location     Type
		None
 Return value:  Size  Location     Type
                  1    wreg      unsigned char 
 Registers used:
		wreg, status,2, status,0, pclath, cstack
 Tracked objects:
		On entry : 
		On exit  : 
		Unchanged: 
 Data sizes:     COMMON   BANK0   BANK1
      Params:         0       0       0
      Locals:         0       0       0
      Temps:          0       2       0
      Totals:         0       2       0
Total ram usage:        2 bytes
 Hardware stack levels used:    1
 Hardware stack levels required when called:    2
 This function calls:
		_AQM0802_SendData
 This function is called by:
		_main
 This function uses a non-reentrant model


 *************** function _AQM0802_ClearRow *****************
 Defined at:
		line 138 in file "src/../../_Common/AQM0802.h"
 Parameters:    Size  Location     Type
  rowSelect       1    wreg     unsigned char 
 Auto vars:     Size  Location     Type
  rowSelect       1    3[BANK0 ] unsigned char 
  count           1    4[BANK0 ] unsigned char 
 Return value:  Size  Location     Type
                  1    wreg      unsigned char 
 Registers used:
		wreg, status,2, status,0, pclath, cstack
 Tracked objects:
		On entry : 
		On exit  : 
		Unchanged: 
 Data sizes:     COMMON   BANK0   BANK1
      Params:         0       0       0
      Locals:         0       2       0
      Temps:          0       1       0
      Totals:         0       3       0
Total ram usage:        3 bytes
 Hardware stack levels used:    1
 Hardware stack levels required when called:    2
 This function calls:
		_AQM0802_SendData
 This function is called by:
		_main
 This function uses a non-reentrant model


 *************** function _AQM0802_SendData *****************
 Defined at:
		line 239 in file "src/../../_Common/AQM0802.h"
 Parameters:    Size  Location     Type
  controlByte     1    wreg     unsigned char 
  dataByte        1    0[BANK0 ] unsigned char 
 Auto vars:     Size  Location     Type
  controlByte     1    1[BANK0 ] unsigned char 
 Return value:  Size  Location     Type
                  1    wreg      unsigned char 
 Registers used:
		wreg, status,2
 Tracked objects:
		On entry : 
		On exit  : 
		Unchanged: 
 Data sizes:     COMMON   BANK0   BANK1
      Params:         0       1       0
      Locals:         0       1       0
      Temps:          0       0       0
      Totals:         0       2       0
Total ram usage:        2 bytes
 Hardware stack levels used:    1
 Hardware stack levels required when called:    1
 This function calls:
		Nothing
 This function is called by:
		_AQM0802_SendString
		_AQM0802_SendStringClearing
		_AQM0802_SendCharacter
		_AQM0802_ClearRow
		_AQM0802_Initialize
		_main
		_AQM0802_Clear
		_AQM0802_SetCgram
 This function uses a non-reentrant model


 *************** function __ *****************
 Defined at:
		line 492 in file "src/main.c"
 Parameters:    Size  Location     Type
		None
 Auto vars:     Size  Location     Type
  adValue         2    3[COMMON] unsigned int 
 Return value:  Size  Location     Type
		None               void
 Registers used:
		wreg, fsr1l, fsr1h, status,2, status,0
 Tracked objects:
		On entry : 
		On exit  : 
		Unchanged: 
 Data sizes:     COMMON   BANK0   BANK1
      Params:         0       0       0
      Locals:         2       0       0
      Temps:          3       0       0
      Totals:         5       0       0
Total ram usage:        5 bytes
 Hardware stack levels used:    1
 This function calls:
		Nothing
 This function is called by:
		Interrupt level 1
 This function uses a non-reentrant model



MODULE INFORMATION

Module		Function		Class		Link	Load	Size
src/../../_Common/AQM0802.h
		_AQM0802_SendSt		CODE           	05A4	0000	32
		_AQM0802_SendCh		CODE           	0621	0000	17
		_AQM0802_Initia		CODE           	04C3	0000	61
		_AQM0802_SendSt		CODE           	04FF	0000	56
		_AQM0802_SendDa		CODE           	055D	0000	40
		_AQM0802_ClearR		CODE           	05DF	0000	28

src/../../_Common/AQM0802.h estimated size: 234

/Applications/microchip/xc8/v1.34/sources/common/Umul16.c
		___wmul        		CODE           	05C3	0000	29

/Applications/microchip/xc8/v1.34/sources/common/Umul16.c estimated size: 29

src/pic12f1822_init.h
		_initialize    		CODE           	0472	0000	82

src/pic12f1822_init.h estimated size: 82

src/configuration.h
		_Configuration_		CODE           	0536	0000	40
		_Configuration_		CODE           	05FA	0000	24
		_Configuration_		CODE           	0611	0000	17
		_Configuration_		CODE           	0584	0000	33

src/configuration.h estimated size: 114

src/main.c
		__             		CODE           	0004	0000	143
		_main          		CODE           	00AF	0000	778

src/main.c estimated size: 921

shared
		main@COMPARE_UN		STRCODE        	0410	0000	11
		_MESSAGE       		STRCODE        	0400	0000	17
		__initializatio		CODE           	0093	0000	27
		_ROW_SELECT    		STRCODE        	041D	0000	3
		main@OMPARE_UNI		STRCODE        	041A	0000	4

shared estimated size: 62

