Microchip MPLAB XC8 Compiler V1.34 ()

Linker command line:

--edf=/Applications/microchip/xc8/v1.34/dat/en_msgs.txt -cs \
  -h+dist/default/production/Voltmeter.X.production.sym \
  --cmf=dist/default/production/Voltmeter.X.production.cmf -z -Q12F1822 \
  -o/tmp/cgtA620mF -Mdist/default/production/Voltmeter.X.production.map -E1 \
  -ver=XC8 -ASTACK=0203Ah-0204fh -pstack=STACK -ACODE=00h-07FFh \
  -ASTRCODE=00h-07FFh -ASTRING=00h-0FFhx8 -ACONST=00h-0FFhx8 \
  -AENTRY=00h-0FFhx8 -ACOMMON=070h-07Fh -ABANK0=020h-06Fh -ABANK1=0A0h-0BFh \
  -ABIGRAM=02000h-0206Fh -ARAM=020h-06Fh,0A0h-0BFh \
  -AABS1=020h-07Fh,0A0h-0BFh -ASFR0=00h-01Fh -ASFR1=080h-09Fh \
  -ASFR2=0100h-016Fh -ASFR3=0180h-01EFh -ASFR4=0200h-026Fh \
  -ASFR5=0280h-02EFh -ASFR6=0300h-036Fh -ASFR7=0380h-03EFh \
  -ASFR8=0400h-046Fh -ASFR9=0480h-04EFh -ASFR10=0500h-056Fh \
  -ASFR11=0580h-05EFh -ASFR12=0600h-066Fh -ASFR13=0680h-06EFh \
  -ASFR14=0700h-076Fh -ASFR15=0780h-07EFh -ASFR16=0800h-086Fh \
  -ASFR17=0880h-08EFh -ASFR18=0900h-096Fh -ASFR19=0980h-09EFh \
  -ASFR20=0A00h-0A6Fh -ASFR21=0A80h-0AEFh -ASFR22=0B00h-0B6Fh \
  -ASFR23=0B80h-0BEFh -ASFR24=0C00h-0C6Fh -ASFR25=0C80h-0CEFh \
  -ASFR26=0D00h-0D6Fh -ASFR27=0D80h-0DEFh -ASFR28=0E00h-0E6Fh \
  -ASFR29=0E80h-0EEFh -ASFR30=0F00h-0F6Fh -ASFR31=0F80h-0FEFh \
  -preset_vec=00h,intentry=04h,init,end_init -ppowerup=CODE -pcinit=CODE \
  -pfunctab=CODE -ACONFIG=08007h-08008h -pconfig=CONFIG -DCONFIG=2 \
  -AIDLOC=08000h-08003h -pidloc=IDLOC -DIDLOC=2 -AEEDATA=00h-0FFh/0F000h \
  -peeprom_data=EEDATA -DEEDATA=2 -DCODE=2 -DSTRCODE=2 -DSTRING=2 -DCONST=2 \
  -DENTRY=2 -k /tmp/cgtHNt0kr.obj \
  dist/default/production/Voltmeter.X.production.obj 

Object code version is 3.11

Machine type is 12F1822



                Name                               Link     Load   Length Selector   Space Scale
/tmp/cgtHNt0kr.obj
                end_init                             4D       4D        1        8       0
                reset_vec                             0        0        1        0       0
                config                             8007     8007        2    1000E       0
dist/default/production/Voltmeter.X.production.obj
                cinit                                4E       4E       1A        8       0
                intentry                              4        4       49        8       0
                text8                               40E      40E       35      6A6       0
                text7                               443      443       27      6A6       0
                text6                               489      489       1B      6A6       0
                text5                               39B      39B       3C      6A6       0
                text4                               4B6      4B6       10      6A6       0
                text3                               46A      46A       1F      6A6       0
                text2                               3D7      3D7       37      6A6       0
                text1                               353      353       48      6A6       0
                maintext                             68       68      22E        8       0
                cstackBANK0                          20       20       1E       20       1
                cstackCOMMON                         70       70        7       70       1
                inittext                            4CC      4CC        6      6A6       0
                clrtext                             4C6      4C6        6      6A6       0
                bssBANK1                             A0       A0       20       A0       1
                dataBANK0                            3E       3E       12       20       1
                bssBANK0                             50       50        A       20       1
                bssCOMMON                            77       77        2       70       1
                stringtext                          300      300       53        6       0
                idataBANK0                          4A4      4A4       12      6A6       0

TOTAL           Name                               Link     Load   Length     Space
        CLASS   STACK          

        CLASS   CODE           
                end_init                             4D       4D        1         0
                cinit                                4E       4E       1A         0
                intentry                              4        4       49         0
                reset_vec                             0        0        1         0
                text8                               40E      40E       35         0
                text7                               443      443       27         0
                text6                               489      489       1B         0
                text5                               39B      39B       3C         0
                text4                               4B6      4B6       10         0
                text3                               46A      46A       1F         0
                text2                               3D7      3D7       37         0
                text1                               353      353       48         0
                maintext                             68       68      22E         0
                inittext                            4CC      4CC        6         0
                clrtext                             4C6      4C6        6         0
                idataBANK0                          4A4      4A4       12         0

        CLASS   STRCODE        
                stringtext                          300      300       53         0

        CLASS   STRING         

        CLASS   CONST          

        CLASS   ENTRY          

        CLASS   COMMON         
                cstackCOMMON                         70       70        7         1
                bssCOMMON                            77       77        2         1

        CLASS   BANK0          
                cstackBANK0                          20       20       1E         1
                dataBANK0                            3E       3E       12         1
                bssBANK0                             50       50        A         1

        CLASS   BANK1          
                bssBANK1                             A0       A0       20         1

        CLASS   BIGRAM         

        CLASS   RAM            

        CLASS   ABS1           
                abs_s1                               7E       7E        2         1

        CLASS   SFR0           

        CLASS   SFR1           

        CLASS   SFR2           

        CLASS   SFR3           

        CLASS   SFR4           

        CLASS   SFR5           

        CLASS   SFR6           

        CLASS   SFR7           

        CLASS   SFR8           

        CLASS   SFR9           

        CLASS   SFR10          

        CLASS   SFR11          

        CLASS   SFR12          

        CLASS   SFR13          

        CLASS   SFR14          

        CLASS   SFR15          

        CLASS   SFR16          

        CLASS   SFR17          

        CLASS   SFR18          

        CLASS   SFR19          

        CLASS   SFR20          

        CLASS   SFR21          

        CLASS   SFR22          

        CLASS   SFR23          

        CLASS   SFR24          

        CLASS   SFR25          

        CLASS   SFR26          

        CLASS   SFR27          

        CLASS   SFR28          

        CLASS   SFR29          

        CLASS   SFR30          

        CLASS   SFR31          

        CLASS   CONFIG         
                config                             8007     8007        2         0

        CLASS   IDLOC          

        CLASS   EEDATA         

        CLASS   BANK31         

        CLASS   BANK30         

        CLASS   BANK29         

        CLASS   BANK28         

        CLASS   BANK27         

        CLASS   BANK26         

        CLASS   BANK25         

        CLASS   BANK24         

        CLASS   BANK23         

        CLASS   BANK22         

        CLASS   BANK21         

        CLASS   BANK20         

        CLASS   BANK19         

        CLASS   BANK18         

        CLASS   BANK17         

        CLASS   BANK16         

        CLASS   BANK15         

        CLASS   BANK14         

        CLASS   BANK13         

        CLASS   BANK12         

        CLASS   BANK11         

        CLASS   BANK10         

        CLASS   BANK9          

        CLASS   BANK8          

        CLASS   BANK7          

        CLASS   BANK6          

        CLASS   BANK5          

        CLASS   BANK4          

        CLASS   BANK3          

        CLASS   BANK2          



SEGMENTS        Name                           Load    Length   Top    Selector   Space  Class     Delta

                reset_vec                      000000  000001  000001         0       0  CODE        2
                intentry                       000004  000292  000296         8       0  CODE        2
                cstackBANK0                    000020  00003A  00005A        20       1  BANK0       1
                cstackCOMMON                   000070  000009  000079        70       1  COMMON      1
                bssBANK1                       0000A0  000020  0000C0        A0       1  BANK1       1
                stringtext                     000300  000053  000353         6       0  STRCODE     2
                text1                          000353  00017F  0004D2       6A6       0  CODE        2
                config                         008007  000002  008009     1000E       0  CONFIG      2


UNUSED ADDRESS RANGES

        Name                Unused          Largest block    Delta
        BANK0            0005A-0006F              16           1
        BIGRAM           02000-0206F              70           1
        CODE             00001-00003               3           2
                         00296-002FF              6A
                         004D2-007FF             32E
        COMMON           00079-0007D               5           1
        CONST            00001-00003               3           2
                         00296-002FF              6A
                         004D2-007FF             100
        EEDATA           0F000-0F0FF             100           2
        ENTRY            00001-00003               3           2
                         00296-002FF              6A
                         004D2-007FF             100
        IDLOC            08000-08003               4           2
        RAM              0005A-0006F              16           1
        SFR0             00000-0001F              20           1
        SFR1             00080-0009F              20           1
        SFR10            00500-0056F              70           1
        SFR11            00580-005EF              70           1
        SFR12            00600-0066F              70           1
        SFR13            00680-006EF              70           1
        SFR14            00700-0076F              70           1
        SFR15            00780-007EF              70           1
        SFR16            00800-0086F              70           1
        SFR17            00880-008EF              70           1
        SFR18            00900-0096F              70           1
        SFR19            00980-009EF              70           1
        SFR2             00100-0016F              70           1
        SFR20            00A00-00A6F              70           1
        SFR21            00A80-00AEF              70           1
        SFR22            00B00-00B6F              70           1
        SFR23            00B80-00BEF              70           1
        SFR24            00C00-00C6F              70           1
        SFR25            00C80-00CEF              70           1
        SFR26            00D00-00D6F              70           1
        SFR27            00D80-00DEF              70           1
        SFR28            00E00-00E6F              70           1
        SFR29            00E80-00EEF              70           1
        SFR3             00180-001EF              70           1
        SFR30            00F00-00F6F              70           1
        SFR31            00F80-00FEF              70           1
        SFR4             00200-0026F              70           1
        SFR5             00280-002EF              70           1
        SFR6             00300-0036F              70           1
        SFR7             00380-003EF              70           1
        SFR8             00400-0046F              70           1
        SFR9             00480-004EF              70           1
        STACK            0203A-0204F              16           1
        STRCODE          00001-00003               3           2
                         00296-002FF              6A
                         004D2-007FF             32E
        STRING           00001-00003               3           2
                         00296-002FF              6A
                         004D2-007FF             100

                                  Symbol Table

?___lwdiv                              cstackBANK0  00020
_ADCON0bits                            (abs)        0009D
_ADCON1bits                            (abs)        0009E
_ADRESH                                (abs)        0009C
_ADRESL                                (abs)        0009B
_ANSELA                                (abs)        0018C
_FVRCONbits                            (abs)        00117
_INTCONbits                            (abs)        0000B
_MESSAGE                               stringtext   00300
_MESSAGE_MENU                          dataBANK0    0003E
_OPTION_REGbits                        (abs)        00095
_OSCCONbits                            (abs)        00099
_PIE1bits                              (abs)        00091
_PIR1bits                              (abs)        00011
_PORTA                                 (abs)        0000C
_PR2                                   (abs)        0001B
_ROW_SELECT                            stringtext   00316
_SSP1ADD                               (abs)        00212
_SSP1BUF                               (abs)        00211
_SSP1CON1bits                          (abs)        00215
_SSP1CON2bits                          (abs)        00216
_SSPSTAT                               (abs)        00214
_T1CONbits                             (abs)        00018
_T2CONbits                             (abs)        0001C
_TMR0                                  (abs)        00015
_TMR0IE                                (abs)        0005D
_TMR2                                  (abs)        0001A
_TRISA                                 (abs)        0008C
__                                     intentry     00004
__@adBuffer                            bssBANK1     000A0
__@adValue                             cstackCOMMON 00073
__@bufferPostiion                      bssCOMMON    00077
__@interruptCount                      bssCOMMON    00078
__CFG_FOSC$INTOSC                      (abs)        00000
__CFG_LVP$OFF                          (abs)        00000
__CFG_MCLRE$OFF                        (abs)        00000
__CFG_PLLEN$ON                         (abs)        00000
__CFG_WDTE$OFF                         (abs)        00000
__Habs1                                abs1         00000
__Hbank0                               bank0        00000
__Hbank1                               bank1        00000
__Hbank10                              bank10       00000
__Hbank11                              bank11       00000
__Hbank12                              bank12       00000
__Hbank13                              bank13       00000
__Hbank14                              bank14       00000
__Hbank15                              bank15       00000
__Hbank16                              bank16       00000
__Hbank17                              bank17       00000
__Hbank18                              bank18       00000
__Hbank19                              bank19       00000
__Hbank2                               bank2        00000
__Hbank20                              bank20       00000
__Hbank21                              bank21       00000
__Hbank22                              bank22       00000
__Hbank23                              bank23       00000
__Hbank24                              bank24       00000
__Hbank25                              bank25       00000
__Hbank26                              bank26       00000
__Hbank27                              bank27       00000
__Hbank28                              bank28       00000
__Hbank29                              bank29       00000
__Hbank3                               bank3        00000
__Hbank30                              bank30       00000
__Hbank31                              bank31       00000
__Hbank4                               bank4        00000
__Hbank5                               bank5        00000
__Hbank6                               bank6        00000
__Hbank7                               bank7        00000
__Hbank8                               bank8        00000
__Hbank9                               bank9        00000
__Hbigram                              bigram       00000
__HbssBANK0                            bssBANK0     00000
__HbssBANK1                            bssBANK1     00000
__HbssCOMMON                           bssCOMMON    00000
__Hcinit                               cinit        00068
__Hclrtext                             clrtext      00000
__Hcode                                code         00000
__Hcommon                              common       00000
__Hconfig                              config       08009
__HcstackBANK0                         cstackBANK0  00000
__HcstackCOMMON                        cstackCOMMON 00000
__HdataBANK0                           dataBANK0    00000
__Heeprom_data                         eeprom_data  00000
__Hend_init                            end_init     0004E
__Hfunctab                             functab      00000
__HidataBANK0                          idataBANK0   00000
__Hidloc                               idloc        00000
__Hinit                                init         0004D
__Hinittext                            inittext     00000
__Hintentry                            intentry     0004D
__Hmaintext                            maintext     00000
__Hpowerup                             powerup      00000
__Hram                                 ram          00000
__Hreset_vec                           reset_vec    00001
__Hsfr0                                sfr0         00000
__Hsfr1                                sfr1         00000
__Hsfr10                               sfr10        00000
__Hsfr11                               sfr11        00000
__Hsfr12                               sfr12        00000
__Hsfr13                               sfr13        00000
__Hsfr14                               sfr14        00000
__Hsfr15                               sfr15        00000
__Hsfr16                               sfr16        00000
__Hsfr17                               sfr17        00000
__Hsfr18                               sfr18        00000
__Hsfr19                               sfr19        00000
__Hsfr2                                sfr2         00000
__Hsfr20                               sfr20        00000
__Hsfr21                               sfr21        00000
__Hsfr22                               sfr22        00000
__Hsfr23                               sfr23        00000
__Hsfr24                               sfr24        00000
__Hsfr25                               sfr25        00000
__Hsfr26                               sfr26        00000
__Hsfr27                               sfr27        00000
__Hsfr28                               sfr28        00000
__Hsfr29                               sfr29        00000
__Hsfr3                                sfr3         00000
__Hsfr30                               sfr30        00000
__Hsfr31                               sfr31        00000
__Hsfr4                                sfr4         00000
__Hsfr5                                sfr5         00000
__Hsfr6                                sfr6         00000
__Hsfr7                                sfr7         00000
__Hsfr8                                sfr8         00000
__Hsfr9                                sfr9         00000
__Hspace_0                             (abs)        08009
__Hspace_1                             (abs)        000C0
__Hspace_2                             (abs)        00000
__Hspace_3                             (abs)        00000
__Hstack                               stack        00000
__Hstrings                             strings      00000
__Hstringtext                          stringtext   00000
__Htext                                text         00000
__Labs1                                abs1         00000
__Lbank0                               bank0        00000
__Lbank1                               bank1        00000
__Lbank10                              bank10       00000
__Lbank11                              bank11       00000
__Lbank12                              bank12       00000
__Lbank13                              bank13       00000
__Lbank14                              bank14       00000
__Lbank15                              bank15       00000
__Lbank16                              bank16       00000
__Lbank17                              bank17       00000
__Lbank18                              bank18       00000
__Lbank19                              bank19       00000
__Lbank2                               bank2        00000
__Lbank20                              bank20       00000
__Lbank21                              bank21       00000
__Lbank22                              bank22       00000
__Lbank23                              bank23       00000
__Lbank24                              bank24       00000
__Lbank25                              bank25       00000
__Lbank26                              bank26       00000
__Lbank27                              bank27       00000
__Lbank28                              bank28       00000
__Lbank29                              bank29       00000
__Lbank3                               bank3        00000
__Lbank30                              bank30       00000
__Lbank31                              bank31       00000
__Lbank4                               bank4        00000
__Lbank5                               bank5        00000
__Lbank6                               bank6        00000
__Lbank7                               bank7        00000
__Lbank8                               bank8        00000
__Lbank9                               bank9        00000
__Lbigram                              bigram       00000
__LbssBANK0                            bssBANK0     00000
__LbssBANK1                            bssBANK1     00000
__LbssCOMMON                           bssCOMMON    00000
__Lcinit                               cinit        0004E
__Lclrtext                             clrtext      00000
__Lcode                                code         00000
__Lcommon                              common       00000
__Lconfig                              config       08007
__LcstackBANK0                         cstackBANK0  00000
__LcstackCOMMON                        cstackCOMMON 00000
__LdataBANK0                           dataBANK0    00000
__Leeprom_data                         eeprom_data  00000
__Lend_init                            end_init     0004D
__Lfunctab                             functab      00000
__LidataBANK0                          idataBANK0   00000
__Lidloc                               idloc        00000
__Linit                                init         0004D
__Linittext                            inittext     00000
__Lintentry                            intentry     00004
__Lmaintext                            maintext     00000
__Lpowerup                             powerup      00000
__Lram                                 ram          00000
__Lreset_vec                           reset_vec    00000
__Lsfr0                                sfr0         00000
__Lsfr1                                sfr1         00000
__Lsfr10                               sfr10        00000
__Lsfr11                               sfr11        00000
__Lsfr12                               sfr12        00000
__Lsfr13                               sfr13        00000
__Lsfr14                               sfr14        00000
__Lsfr15                               sfr15        00000
__Lsfr16                               sfr16        00000
__Lsfr17                               sfr17        00000
__Lsfr18                               sfr18        00000
__Lsfr19                               sfr19        00000
__Lsfr2                                sfr2         00000
__Lsfr20                               sfr20        00000
__Lsfr21                               sfr21        00000
__Lsfr22                               sfr22        00000
__Lsfr23                               sfr23        00000
__Lsfr24                               sfr24        00000
__Lsfr25                               sfr25        00000
__Lsfr26                               sfr26        00000
__Lsfr27                               sfr27        00000
__Lsfr28                               sfr28        00000
__Lsfr29                               sfr29        00000
__Lsfr3                                sfr3         00000
__Lsfr30                               sfr30        00000
__Lsfr31                               sfr31        00000
__Lsfr4                                sfr4         00000
__Lsfr5                                sfr5         00000
__Lsfr6                                sfr6         00000
__Lsfr7                                sfr7         00000
__Lsfr8                                sfr8         00000
__Lsfr9                                sfr9         00000
__Lspace_0                             (abs)        00000
__Lspace_1                             (abs)        00000
__Lspace_2                             (abs)        00000
__Lspace_3                             (abs)        00000
__Lstack                               stack        00000
__Lstrings                             strings      00000
__Lstringtext                          stringtext   00000
__Ltext                                text         00000
__S0                                   (abs)        08009
__S1                                   (abs)        000C0
__S2                                   (abs)        00000
__S3                                   (abs)        00000
___int_sp                              stack        00000
___latbits                             (abs)        00000
___lwdiv                               text8        0040E
___lwdiv@counter                       cstackBANK0  00024
___lwdiv@dividend                      cstackBANK0  00022
___lwdiv@divisor                       cstackBANK0  00020
___lwdiv@quotient                      cstackBANK0  00025
___sp                                  stack        00000
__aqm0802_ClearRow                     text6        00489
__aqm0802_ClearRow@count               cstackBANK0  00022
__aqm0802_ClearRow@rowSelect           cstackBANK0  00021
__aqm0802_Initialize                   text5        0039B
__aqm0802_SendCharacter                text4        004B6
__aqm0802_SendCharacter@character      cstackBANK0  00027
__aqm0802_SendCharacter@position       cstackBANK0  00029
__aqm0802_SendString                   text3        0046A
__aqm0802_SendString@position          cstackBANK0  00022
__aqm0802_SendString@stringPtr         cstackBANK0  00020
__aqm0802_SendStringClearing           text2        003D7
__aqm0802_SendStringClearing@col       cstackBANK0  00025
__aqm0802_SendStringClearing@position  cstackBANK0  00024
__aqm0802_SendStringClearing@stringPtr cstackBANK0  00020
__end_of_MESSAGE                       stringtext   0030C
__end_of_ROW_SELECT                    stringtext   00318
__end_of__                             intentry     0004D
__end_of___lwdiv                       text8        00443
__end_of__aqm0802_ClearRow             text6        004A4
__end_of__aqm0802_Initialize           text5        003D7
__end_of__aqm0802_SendCharacter        text4        004C6
__end_of__aqm0802_SendString           text3        00489
__end_of__aqm0802_SendStringClearing   text2        0040E
__end_of__initialization               cinit        00066
__end_of__private_aqm0802_SendData     text7        0046A
__end_of_initialize                    text1        0039B
__end_of_main                          maintext     00296
__end_ofmain@compareUnits              stringtext   00316
__initialization                       cinit        0004E
__pbssBANK0                            bssBANK0     00050
__pbssBANK1                            bssBANK1     000A0
__pbssCOMMON                           bssCOMMON    00077
__pcstackBANK0                         cstackBANK0  00020
__pcstackCOMMON                        cstackCOMMON 00070
__pdataBANK0                           dataBANK0    0003E
__pidataBANK0                          idataBANK0   004A4
__pintentry                            intentry     00004
__pmaintext                            maintext     00068
__private_aqm0802_SendData             text7        00443
__private_aqm0802_SendData@controlByte cstackCOMMON 00076
__private_aqm0802_SendData@dataByte    cstackCOMMON 00075
__pstringtext                          stringtext   00300
__ptext1                               text1        00353
__ptext2                               text2        003D7
__ptext3                               text3        0046A
__ptext4                               text4        004B6
__ptext5                               text5        0039B
__ptext6                               text6        00489
__ptext7                               text7        00443
__ptext8                               text8        0040E
__size_of__                            (abs)        00000
__size_of___lwdiv                      (abs)        00000
__size_of__aqm0802_ClearRow            (abs)        00000
__size_of__aqm0802_Initialize          (abs)        00000
__size_of__aqm0802_SendCharacter       (abs)        00000
__size_of__aqm0802_SendString          (abs)        00000
__size_of__aqm0802_SendStringClearing  (abs)        00000
__size_of__private_aqm0802_SendData    (abs)        00000
__size_of_initialize                   (abs)        00000
__size_of_main                         (abs)        00000
_events_                               bssBANK0     00054
_initialize                            text1        00353
_isHold_                               bssBANK0     00055
_machineState_                         bssBANK0     00056
_main                                  maintext     00068
_measureMode_                          bssBANK0     00057
_menuState_                            bssBANK0     00050
_portAState_                           bssBANK0     00058
_sumOfBuffer_                          bssBANK0     00052
btemp                                  (abs)        0007E
clear_ram0                             clrtext      004C6
end_of_initialization                  cinit        00066
init_ram                               inittext     004CC
intlevel0                              functab      00000
intlevel1                              functab      00000
intlevel2                              functab      00000
intlevel3                              functab      00000
intlevel4                              functab      00000
intlevel5                              functab      00000
ltemp                                  (abs)        0007E
ltemp0                                 (abs)        0007E
ltemp1                                 (abs)        00082
ltemp2                                 (abs)        00086
ltemp3                                 (abs)        00080
main@F2296                             dataBANK0    00048
main@adValue                           cstackBANK0  0003A
main@barImage                          cstackBANK0  00034
main@compareUnit                       cstackBANK0  00035
main@compareUnits                      stringtext   0030C
main@digit                             cstackBANK0  00039
main@i                                 cstackBANK0  00038
main@i_661                             cstackBANK0  0003D
main@j                                 cstackBANK0  0003C
main@keyPressed                        cstackBANK0  00037
main@prevPortAState                    bssBANK0     00059
main@string                            cstackBANK0  0002C
reset_vec                              reset_vec    00000
stackhi                                (abs)        0204F
stacklo                                (abs)        0203A
start                                  init         0004D
start_initialization                   cinit        0004E
ttemp                                  (abs)        0007E
ttemp0                                 (abs)        0007E
ttemp1                                 (abs)        00081
ttemp2                                 (abs)        00084
ttemp3                                 (abs)        00087
ttemp4                                 (abs)        0007F
wtemp                                  (abs)        0007E
wtemp0                                 (abs)        0007E
wtemp1                                 (abs)        00080
wtemp2                                 (abs)        00082
wtemp3                                 (abs)        00084
wtemp4                                 (abs)        00086
wtemp5                                 (abs)        00088
wtemp6                                 (abs)        0007F


FUNCTION INFORMATION:

 *************** function _main *****************
 Defined at:
		line 137 in file "src/main.c"
 Parameters:    Size  Location     Type
		None
 Auto vars:     Size  Location     Type
  i               1   29[BANK0 ] unsigned char 
  compareUnit     2   21[BANK0 ] unsigned int 
  string          8   12[BANK0 ] unsigned char [8]
  adValue         2   26[BANK0 ] unsigned int 
  digit           1   25[BANK0 ] unsigned char 
  j               1   28[BANK0 ] unsigned char 
  keyPressed      1   23[BANK0 ] struct .
  i               1   24[BANK0 ] unsigned char 
  barImage        1   20[BANK0 ] unsigned char 
 Return value:  Size  Location     Type
                  2  132[None  ] int 
 Registers used:
		wreg, fsr0l, fsr0h, fsr1l, fsr1h, status,2, status,0, pclath, cstack
 Tracked objects:
		On entry : 
		On exit  : 
		Unchanged: 
 Data sizes:     COMMON   BANK0   BANK1
      Params:         0       0       0
      Locals:         0      18       0
      Temps:          0       2       0
      Totals:         0      20       0
Total ram usage:       20 bytes
 Hardware stack levels required when called:    3
 This function calls:
		___lwdiv
		__aqm0802_ClearRow
		__aqm0802_Initialize
		__aqm0802_SendCharacter
		__aqm0802_SendString
		__aqm0802_SendStringClearing
		__private_aqm0802_SendData
		_initialize
 This function is called by:
		Startup code after reset
 This function uses a non-reentrant model


 *************** function _initialize *****************
 Defined at:
		line 9 in file "src/pic12f1822_init.h"
 Parameters:    Size  Location     Type
		None
 Auto vars:     Size  Location     Type
		None
 Return value:  Size  Location     Type
		None               void
 Registers used:
		wreg, status,2, status,0
 Tracked objects:
		On entry : 
		On exit  : 
		Unchanged: 
 Data sizes:     COMMON   BANK0   BANK1
      Params:         0       0       0
      Locals:         0       0       0
      Temps:          0       0       0
      Totals:         0       0       0
Total ram usage:        0 bytes
 Hardware stack levels used:    1
 Hardware stack levels required when called:    1
 This function calls:
		Nothing
 This function is called by:
		_main
 This function uses a non-reentrant model


 *************** function __aqm0802_SendStringClearing *****************
 Defined at:
		line 70 in file "src/../../_Common/aqm0802.h"
 Parameters:    Size  Location     Type
  position        1    wreg     unsigned char 
  stringPtr       2    0[BANK0 ] PTR const unsigned char 
		 -> STR_12(9), STR_11(8), STR_10(8), STR_9(4), 
		 -> STR_8(8), STR_7(8), STR_6(6), STR_5(8), 
		 -> STR_4(8), STR_3(4), STR_2(8), STR_1(8), 
 Auto vars:     Size  Location     Type
  position        1    4[BANK0 ] unsigned char 
  col             1    5[BANK0 ] unsigned char 
 Return value:  Size  Location     Type
                  1    wreg      unsigned char 
 Registers used:
		wreg, fsr0l, fsr0h, status,2, status,0, pclath, cstack
 Tracked objects:
		On entry : 
		On exit  : 
		Unchanged: 
 Data sizes:     COMMON   BANK0   BANK1
      Params:         0       2       0
      Locals:         0       2       0
      Temps:          0       2       0
      Totals:         0       6       0
Total ram usage:        6 bytes
 Hardware stack levels used:    1
 Hardware stack levels required when called:    2
 This function calls:
		__private_aqm0802_SendData
 This function is called by:
		_main
 This function uses a non-reentrant model


 *************** function __aqm0802_SendString *****************
 Defined at:
		line 39 in file "src/../../_Common/aqm0802.h"
 Parameters:    Size  Location     Type
  position        1    wreg     unsigned char 
  stringPtr       1    0[BANK0 ] PTR const unsigned char 
		 -> main@string(8), 
 Auto vars:     Size  Location     Type
  position        1    2[BANK0 ] unsigned char 
 Return value:  Size  Location     Type
                  1    wreg      unsigned char 
 Registers used:
		wreg, fsr1l, fsr1h, status,2, status,0, pclath, cstack
 Tracked objects:
		On entry : 
		On exit  : 
		Unchanged: 
 Data sizes:     COMMON   BANK0   BANK1
      Params:         0       1       0
      Locals:         0       1       0
      Temps:          0       1       0
      Totals:         0       3       0
Total ram usage:        3 bytes
 Hardware stack levels used:    1
 Hardware stack levels required when called:    2
 This function calls:
		__private_aqm0802_SendData
 This function is called by:
		_main
 This function uses a non-reentrant model


 *************** function __aqm0802_SendCharacter *****************
 Defined at:
		line 113 in file "src/../../_Common/aqm0802.h"
 Parameters:    Size  Location     Type
  position        1    wreg     unsigned char 
  character       1    7[BANK0 ] unsigned char 
 Auto vars:     Size  Location     Type
  position        1    9[BANK0 ] unsigned char 
 Return value:  Size  Location     Type
                  1    wreg      unsigned char 
 Registers used:
		wreg, status,2, status,0, pclath, cstack
 Tracked objects:
		On entry : 
		On exit  : 
		Unchanged: 
 Data sizes:     COMMON   BANK0   BANK1
      Params:         0       1       0
      Locals:         0       1       0
      Temps:          0       1       0
      Totals:         0       3       0
Total ram usage:        3 bytes
 Hardware stack levels used:    1
 Hardware stack levels required when called:    2
 This function calls:
		__private_aqm0802_SendData
 This function is called by:
		_main
 This function uses a non-reentrant model


 *************** function __aqm0802_Initialize *****************
 Defined at:
		line 161 in file "src/../../_Common/aqm0802.h"
 Parameters:    Size  Location     Type
		None
 Auto vars:     Size  Location     Type
		None
 Return value:  Size  Location     Type
                  1    wreg      unsigned char 
 Registers used:
		wreg, status,2, status,0, pclath, cstack
 Tracked objects:
		On entry : 
		On exit  : 
		Unchanged: 
 Data sizes:     COMMON   BANK0   BANK1
      Params:         0       0       0
      Locals:         0       0       0
      Temps:          0       2       0
      Totals:         0       2       0
Total ram usage:        2 bytes
 Hardware stack levels used:    1
 Hardware stack levels required when called:    2
 This function calls:
		__private_aqm0802_SendData
 This function is called by:
		_main
 This function uses a non-reentrant model


 *************** function __aqm0802_ClearRow *****************
 Defined at:
		line 136 in file "src/../../_Common/aqm0802.h"
 Parameters:    Size  Location     Type
  rowSelect       1    wreg     unsigned char 
 Auto vars:     Size  Location     Type
  rowSelect       1    1[BANK0 ] unsigned char 
  count           1    2[BANK0 ] unsigned char 
 Return value:  Size  Location     Type
                  1    wreg      unsigned char 
 Registers used:
		wreg, status,2, status,0, pclath, cstack
 Tracked objects:
		On entry : 
		On exit  : 
		Unchanged: 
 Data sizes:     COMMON   BANK0   BANK1
      Params:         0       0       0
      Locals:         0       2       0
      Temps:          0       1       0
      Totals:         0       3       0
Total ram usage:        3 bytes
 Hardware stack levels used:    1
 Hardware stack levels required when called:    2
 This function calls:
		__private_aqm0802_SendData
 This function is called by:
		_main
 This function uses a non-reentrant model


 *************** function __private_aqm0802_SendData *****************
 Defined at:
		line 237 in file "src/../../_Common/aqm0802.h"
 Parameters:    Size  Location     Type
  controlByte     1    wreg     unsigned char 
  dataByte        1    5[COMMON] unsigned char 
 Auto vars:     Size  Location     Type
  controlByte     1    6[COMMON] unsigned char 
 Return value:  Size  Location     Type
                  1    wreg      unsigned char 
 Registers used:
		wreg, status,2
 Tracked objects:
		On entry : 
		On exit  : 
		Unchanged: 
 Data sizes:     COMMON   BANK0   BANK1
      Params:         1       0       0
      Locals:         1       0       0
      Temps:          0       0       0
      Totals:         2       0       0
Total ram usage:        2 bytes
 Hardware stack levels used:    1
 Hardware stack levels required when called:    1
 This function calls:
		Nothing
 This function is called by:
		__aqm0802_SendString
		__aqm0802_SendStringClearing
		__aqm0802_SendCharacter
		__aqm0802_ClearRow
		__aqm0802_Initialize
		_main
		__aqm0802_Clear
		__aqm0802_SetCgram
 This function uses a non-reentrant model


 *************** function ___lwdiv *****************
 Defined at:
		line 6 in file "/Applications/microchip/xc8/v1.34/sources/common/lwdiv.c"
 Parameters:    Size  Location     Type
  divisor         2    0[BANK0 ] unsigned int 
  dividend        2    2[BANK0 ] unsigned int 
 Auto vars:     Size  Location     Type
  quotient        2    5[BANK0 ] unsigned int 
  counter         1    4[BANK0 ] unsigned char 
 Return value:  Size  Location     Type
                  2    0[BANK0 ] unsigned int 
 Registers used:
		wreg, status,2, status,0
 Tracked objects:
		On entry : 
		On exit  : 
		Unchanged: 
 Data sizes:     COMMON   BANK0   BANK1
      Params:         0       4       0
      Locals:         0       3       0
      Temps:          1       0       0
      Totals:         1       7       0
Total ram usage:        8 bytes
 Hardware stack levels used:    1
 Hardware stack levels required when called:    1
 This function calls:
		Nothing
 This function is called by:
		_main
 This function uses a non-reentrant model


 *************** function __ *****************
 Defined at:
		line 391 in file "src/main.c"
 Parameters:    Size  Location     Type
		None
 Auto vars:     Size  Location     Type
  adValue         2    3[COMMON] unsigned int 
 Return value:  Size  Location     Type
		None               void
 Registers used:
		wreg, fsr1l, fsr1h, status,2, status,0
 Tracked objects:
		On entry : 
		On exit  : 
		Unchanged: 
 Data sizes:     COMMON   BANK0   BANK1
      Params:         0       0       0
      Locals:         2       0       0
      Temps:          3       0       0
      Totals:         5       0       0
Total ram usage:        5 bytes
 Hardware stack levels used:    1
 This function calls:
		Nothing
 This function is called by:
		Interrupt level 1
 This function uses a non-reentrant model



MODULE INFORMATION

Module		Function		Class		Link	Load	Size
src/pic12f1822_init.h
		_initialize    		CODE           	0353	0000	73

src/pic12f1822_init.h estimated size: 73

/Applications/microchip/xc8/v1.34/sources/common/lwdiv.c
		___lwdiv       		CODE           	040E	0000	54

/Applications/microchip/xc8/v1.34/sources/common/lwdiv.c estimated size: 54

src/main.c
		__             		CODE           	0004	0000	74
		_main          		CODE           	0068	0000	559

src/main.c estimated size: 633

shared
		main@compareUni		STRCODE        	030C	0000	11
		_MESSAGE       		STRCODE        	0300	0000	13
		__initializatio		CODE           	004E	0000	25
		_ROW_SELECT    		STRCODE        	0316	0000	3

shared estimated size: 52

src/../../_Common/aqm0802.h
		__aqm0802_SendS		CODE           	046A	0000	32
		__aqm0802_SendC		CODE           	04B6	0000	17
		__aqm0802_Initi		CODE           	039B	0000	61
		__aqm0802_Clear		CODE           	0489	0000	28
		__private_aqm08		CODE           	0443	0000	40
		__aqm0802_SendS		CODE           	03D7	0000	56

src/../../_Common/aqm0802.h estimated size: 234

